Archive member included to satisfy reference by file (symbol)

../nios2_sw_bsp/\libhal_bsp.a(alt_exception_muldiv.o)
                              ../nios2_sw_bsp//obj/HAL/src/crt0.o (alt_exception_muldiv)
../nios2_sw_bsp/\libhal_bsp.a(alt_iic.o)
                              obj/default/max10_nios2_interrupt.o (alt_ic_isr_register)
../nios2_sw_bsp/\libhal_bsp.a(alt_iic_isr_register.o)
                              ../nios2_sw_bsp/\libhal_bsp.a(alt_iic.o) (alt_iic_isr_register)
../nios2_sw_bsp/\libhal_bsp.a(alt_irq_entry.o)
                              ../nios2_sw_bsp/\libhal_bsp.a(alt_iic_isr_register.o) (alt_irq_entry)
../nios2_sw_bsp/\libhal_bsp.a(alt_irq_handler.o)
                              ../nios2_sw_bsp/\libhal_bsp.a(alt_iic_isr_register.o) (alt_irq)
../nios2_sw_bsp/\libhal_bsp.a(alt_irq_vars.o)
                              ../nios2_sw_bsp/\libhal_bsp.a(alt_iic.o) (alt_irq_active)
../nios2_sw_bsp/\libhal_bsp.a(alt_load.o)
                              ../nios2_sw_bsp//obj/HAL/src/crt0.o (alt_load)
../nios2_sw_bsp/\libhal_bsp.a(alt_main.o)
                              ../nios2_sw_bsp//obj/HAL/src/crt0.o (alt_main)
../nios2_sw_bsp/\libhal_bsp.a(alt_sys_init.o)
                              ../nios2_sw_bsp/\libhal_bsp.a(alt_main.o) (alt_irq_init)
../nios2_sw_bsp/\libhal_bsp.a(alt_close.o)
                              ../nios2_sw_bsp/\libhal_bsp.a(alt_main.o) (close)
../nios2_sw_bsp/\libhal_bsp.a(alt_dcache_flush_all.o)
                              ../nios2_sw_bsp/\libhal_bsp.a(alt_load.o) (alt_dcache_flush_all)
../nios2_sw_bsp/\libhal_bsp.a(alt_do_ctors.o)
                              ../nios2_sw_bsp/\libhal_bsp.a(alt_main.o) (_do_ctors)
../nios2_sw_bsp/\libhal_bsp.a(alt_do_dtors.o)
                              ../nios2_sw_bsp/\libhal_bsp.a(alt_main.o) (_do_dtors)
../nios2_sw_bsp/\libhal_bsp.a(alt_errno.o)
                              ../nios2_sw_bsp/\libhal_bsp.a(alt_close.o) (alt_errno)
../nios2_sw_bsp/\libhal_bsp.a(alt_exception_entry.o)
                              ../nios2_sw_bsp/\libhal_bsp.a(alt_exception_muldiv.o) (alt_exception)
../nios2_sw_bsp/\libhal_bsp.a(alt_icache_flush_all.o)
                              ../nios2_sw_bsp/\libhal_bsp.a(alt_load.o) (alt_icache_flush_all)
../nios2_sw_bsp/\libhal_bsp.a(alt_instruction_exception_entry.o)
                              ../nios2_sw_bsp/\libhal_bsp.a(alt_exception_entry.o) (alt_instruction_exception_entry)
../nios2_sw_bsp/\libhal_bsp.a(altera_nios2_gen2_irq.o)
                              ../nios2_sw_bsp/\libhal_bsp.a(alt_sys_init.o) (altera_nios2_gen2_irq_init)
c:/intelfpga/18.0/nios2eds/bin/gnu/h-x86_64-mingw32/bin/../lib/gcc/nios2-elf/5.3.0/../../../../../H-x86_64-mingw32/nios2-elf/lib/mno-hw-mul/fstack-limit-register-et\libc.a(lib_a-atexit.o)
                              ../nios2_sw_bsp/\libhal_bsp.a(alt_main.o) (atexit)
c:/intelfpga/18.0/nios2eds/bin/gnu/h-x86_64-mingw32/bin/../lib/gcc/nios2-elf/5.3.0/../../../../../H-x86_64-mingw32/nios2-elf/lib/mno-hw-mul/fstack-limit-register-et\libc.a(lib_a-exit.o)
                              ../nios2_sw_bsp/\libhal_bsp.a(alt_main.o) (exit)
c:/intelfpga/18.0/nios2eds/bin/gnu/h-x86_64-mingw32/bin/../lib/gcc/nios2-elf/5.3.0/../../../../../H-x86_64-mingw32/nios2-elf/lib/mno-hw-mul/fstack-limit-register-et\libc.a(lib_a-impure.o)
                              c:/intelfpga/18.0/nios2eds/bin/gnu/h-x86_64-mingw32/bin/../lib/gcc/nios2-elf/5.3.0/../../../../../H-x86_64-mingw32/nios2-elf/lib/mno-hw-mul/fstack-limit-register-et\libc.a(lib_a-exit.o) (_global_impure_ptr)
c:/intelfpga/18.0/nios2eds/bin/gnu/h-x86_64-mingw32/bin/../lib/gcc/nios2-elf/5.3.0/../../../../../H-x86_64-mingw32/nios2-elf/lib/mno-hw-mul/fstack-limit-register-et\libc.a(lib_a-int_errno.o)
                              ../nios2_sw_bsp/\libhal_bsp.a(alt_close.o) (errno)
c:/intelfpga/18.0/nios2eds/bin/gnu/h-x86_64-mingw32/bin/../lib/gcc/nios2-elf/5.3.0/../../../../../H-x86_64-mingw32/nios2-elf/lib/mno-hw-mul/fstack-limit-register-et\libc.a(lib_a-__atexit.o)
                              c:/intelfpga/18.0/nios2eds/bin/gnu/h-x86_64-mingw32/bin/../lib/gcc/nios2-elf/5.3.0/../../../../../H-x86_64-mingw32/nios2-elf/lib/mno-hw-mul/fstack-limit-register-et\libc.a(lib_a-atexit.o) (__register_exitproc)
c:/intelfpga/18.0/nios2eds/bin/gnu/h-x86_64-mingw32/bin/../lib/gcc/nios2-elf/5.3.0/../../../../../H-x86_64-mingw32/nios2-elf/lib/mno-hw-mul/fstack-limit-register-et\libc.a(lib_a-__call_atexit.o)
                              c:/intelfpga/18.0/nios2eds/bin/gnu/h-x86_64-mingw32/bin/../lib/gcc/nios2-elf/5.3.0/../../../../../H-x86_64-mingw32/nios2-elf/lib/mno-hw-mul/fstack-limit-register-et\libc.a(lib_a-exit.o) (__call_exitprocs)
../nios2_sw_bsp/\libhal_bsp.a(alt_exit.o)
                              c:/intelfpga/18.0/nios2eds/bin/gnu/h-x86_64-mingw32/bin/../lib/gcc/nios2-elf/5.3.0/../../../../../H-x86_64-mingw32/nios2-elf/lib/mno-hw-mul/fstack-limit-register-et\libc.a(lib_a-exit.o) (_exit)

Allocating common symbols
Common symbol       size              file

alt_irq             0x100             ../nios2_sw_bsp/\libhal_bsp.a(alt_irq_handler.o)
edge_capture        0x4               obj/default/max10_nios2_interrupt.o
errno               0x4               c:/intelfpga/18.0/nios2eds/bin/gnu/h-x86_64-mingw32/bin/../lib/gcc/nios2-elf/5.3.0/../../../../../H-x86_64-mingw32/nios2-elf/lib/mno-hw-mul/fstack-limit-register-et\libc.a(lib_a-int_errno.o)

Discarded input sections

 .gnu.warning.close
                0x0000000000000000        0x0 ../nios2_sw_bsp/\libhal_bsp.a(alt_close.o)

Memory Configuration

Name             Origin             Length             Attributes
reset            0x0000000000020000 0x0000000000000020
RAM              0x0000000000020020 0x0000000000018fe0
ROM              0x0000000000041000 0x0000000000000040
*default*        0x0000000000000000 0xffffffffffffffff

Linker script and memory map

LOAD ../nios2_sw_bsp//obj/HAL/src/crt0.o
LOAD obj/default/max10_nios2_interrupt.o
LOAD c:/intelfpga/18.0/nios2eds/bin/gnu/h-x86_64-mingw32/bin/../lib/gcc/nios2-elf/5.3.0/../../../../../H-x86_64-mingw32/nios2-elf/lib/mno-hw-mul/fstack-limit-register-et\libstdc++.a
LOAD c:/intelfpga/18.0/nios2eds/bin/gnu/h-x86_64-mingw32/bin/../lib/gcc/nios2-elf/5.3.0/../../../../../H-x86_64-mingw32/nios2-elf/lib/mno-hw-mul/fstack-limit-register-et\libm.a
LOAD c:/intelfpga/18.0/nios2eds/bin/gnu/h-x86_64-mingw32/bin/../lib/gcc/nios2-elf/5.3.0/mno-hw-mul/fstack-limit-register-et\libgcc.a
START GROUP
LOAD c:/intelfpga/18.0/nios2eds/bin/gnu/h-x86_64-mingw32/bin/../lib/gcc/nios2-elf/5.3.0/../../../../../H-x86_64-mingw32/nios2-elf/lib/mno-hw-mul/fstack-limit-register-et\libc.a
LOAD c:/intelfpga/18.0/nios2eds/bin/gnu/h-x86_64-mingw32/bin/../lib/gcc/nios2-elf/5.3.0/mno-hw-mul/fstack-limit-register-et\libgcc.a
LOAD ../nios2_sw_bsp/\libhal_bsp.a
LOAD c:/intelfpga/18.0/nios2eds/bin/gnu/h-x86_64-mingw32/bin/../lib/gcc/nios2-elf/5.3.0/../../../../../H-x86_64-mingw32/nios2-elf/lib/mno-hw-mul/fstack-limit-register-et\libm.a
END GROUP
LOAD c:/intelfpga/18.0/nios2eds/bin/gnu/h-x86_64-mingw32/bin/../lib/gcc/nios2-elf/5.3.0/mno-hw-mul/fstack-limit-register-et\libgcc.a
                0x0000000000020000                __alt_mem_RAM = 0x20000
                0x0000000000041000                __alt_mem_ROM = 0x41000

.entry          0x0000000000020000       0x20
 *(.entry)
 .entry         0x0000000000020000       0x20 ../nios2_sw_bsp//obj/HAL/src/crt0.o
                0x0000000000020000                __reset

.exceptions     0x0000000000020020      0x3f4
                0x0000000000020020                PROVIDE (__ram_exceptions_start, ABSOLUTE (.))
                0x0000000000020020                . = ALIGN (0x20)
 *(.irq)
 *(.exceptions.entry.label)
 .exceptions.entry.label
                0x0000000000020020        0x0 ../nios2_sw_bsp/\libhal_bsp.a(alt_irq_entry.o)
                0x0000000000020020                alt_irq_entry
 .exceptions.entry.label
                0x0000000000020020        0x0 ../nios2_sw_bsp/\libhal_bsp.a(alt_exception_entry.o)
                0x0000000000020020                alt_exception
 *(.exceptions.entry.user)
 *(.exceptions.entry.ecc_fatal)
 *(.exceptions.entry)
 .exceptions.entry
                0x0000000000020020       0x58 ../nios2_sw_bsp/\libhal_bsp.a(alt_exception_entry.o)
 *(.exceptions.irqtest.user)
 *(.exceptions.irqtest)
 .exceptions.irqtest
                0x0000000000020078       0x10 ../nios2_sw_bsp/\libhal_bsp.a(alt_irq_entry.o)
 *(.exceptions.irqhandler.user)
 *(.exceptions.irqhandler)
 .exceptions.irqhandler
                0x0000000000020088        0x4 ../nios2_sw_bsp/\libhal_bsp.a(alt_irq_entry.o)
 *(.exceptions.irqreturn.user)
 *(.exceptions.irqreturn)
 .exceptions.irqreturn
                0x000000000002008c        0x4 ../nios2_sw_bsp/\libhal_bsp.a(alt_irq_entry.o)
 *(.exceptions.notirq.label)
 .exceptions.notirq.label
                0x0000000000020090        0x0 ../nios2_sw_bsp/\libhal_bsp.a(alt_irq_entry.o)
 *(.exceptions.notirq.user)
 *(.exceptions.notirq)
 .exceptions.notirq
                0x0000000000020090        0x8 ../nios2_sw_bsp/\libhal_bsp.a(alt_exception_entry.o)
 *(.exceptions.soft.user)
 *(.exceptions.soft)
 .exceptions.soft
                0x0000000000020098      0x1cc ../nios2_sw_bsp/\libhal_bsp.a(alt_exception_muldiv.o)
 *(.exceptions.unknown.user)
 *(.exceptions.unknown)
 .exceptions.unknown
                0x0000000000020264       0x14 ../nios2_sw_bsp/\libhal_bsp.a(alt_exception_entry.o)
 *(.exceptions.exit.label)
 .exceptions.exit.label
                0x0000000000020278        0x0 ../nios2_sw_bsp/\libhal_bsp.a(alt_exception_muldiv.o)
 .exceptions.exit.label
                0x0000000000020278        0x0 ../nios2_sw_bsp/\libhal_bsp.a(alt_irq_entry.o)
 .exceptions.exit.label
                0x0000000000020278        0x0 ../nios2_sw_bsp/\libhal_bsp.a(alt_exception_entry.o)
 *(.exceptions.exit.user)
 *(.exceptions.exit)
 .exceptions.exit
                0x0000000000020278       0x58 ../nios2_sw_bsp/\libhal_bsp.a(alt_exception_entry.o)
 *(.exceptions)
 .exceptions    0x00000000000202d0       0xdc ../nios2_sw_bsp/\libhal_bsp.a(alt_irq_handler.o)
                0x00000000000202d0                alt_irq_handler
 .exceptions    0x00000000000203ac       0x68 ../nios2_sw_bsp/\libhal_bsp.a(alt_instruction_exception_entry.o)
                0x00000000000203ac                alt_instruction_exception_entry
                0x0000000000020414                PROVIDE (__ram_exceptions_end, ABSOLUTE (.))
                0x0000000000020020                PROVIDE (__flash_exceptions_start, LOADADDR (.exceptions))

.text           0x0000000000020414      0xce4
                [!provide]                        PROVIDE (stext, ABSOLUTE (.))
 *(.interp)
 *(.hash)
 *(.dynsym)
 *(.dynstr)
 *(.gnu.version)
 *(.gnu.version_d)
 *(.gnu.version_r)
 *(.rel.init)
 *(.rela.init)
 *(.rel.text .rel.text.* .rel.gnu.linkonce.t.*)
 *(.rela.text .rela.text.* .rela.gnu.linkonce.t.*)
 *(.rel.fini)
 *(.rela.fini)
 *(.rel.rodata .rel.rodata.* .rel.gnu.linkonce.r.*)
 *(.rela.rodata .rela.rodata.* .rela.gnu.linkonce.r.*)
 *(.rel.data .rel.data.* .rel.gnu.linkonce.d.*)
 *(.rela.data .rela.data.* .rela.gnu.linkonce.d.*)
 *(.rel.tdata .rel.tdata.* .rel.gnu.linkonce.td.*)
 *(.rela.tdata .rela.tdata.* .rela.gnu.linkonce.td.*)
 *(.rel.tbss .rel.tbss.* .rel.gnu.linkonce.tb.*)
 *(.rela.tbss .rela.tbss.* .rela.gnu.linkonce.tb.*)
 *(.rel.ctors)
 *(.rela.ctors)
 *(.rel.dtors)
 *(.rela.dtors)
 *(.rel.got)
 *(.rela.got)
 *(.rel.sdata .rel.sdata.* .rel.gnu.linkonce.s.*)
 *(.rela.sdata .rela.sdata.* .rela.gnu.linkonce.s.*)
 *(.rel.sbss .rel.sbss.* .rel.gnu.linkonce.sb.*)
 *(.rela.sbss .rela.sbss.* .rela.gnu.linkonce.sb.*)
 *(.rel.sdata2 .rel.sdata2.* .rel.gnu.linkonce.s2.*)
 *(.rela.sdata2 .rela.sdata2.* .rela.gnu.linkonce.s2.*)
 *(.rel.sbss2 .rel.sbss2.* .rel.gnu.linkonce.sb2.*)
 *(.rela.sbss2 .rela.sbss2.* .rela.gnu.linkonce.sb2.*)
 *(.rel.bss .rel.bss.* .rel.gnu.linkonce.b.*)
 *(.rela.bss .rela.bss.* .rela.gnu.linkonce.b.*)
 *(.rel.plt)
 *(.rela.plt)
 *(.rel.dyn)
 *(.init)
 *(.plt)
 *(.text .stub .text.* .gnu.linkonce.t.*)
 .text          0x0000000000020414       0x44 ../nios2_sw_bsp//obj/HAL/src/crt0.o
                0x0000000000020414                _start
 .text          0x0000000000020458      0x25c obj/default/max10_nios2_interrupt.o
                0x0000000000020458                myISR
                0x00000000000204d8                resetHEX
                0x0000000000020620                main
 .text          0x00000000000206b4        0x0 ../nios2_sw_bsp/\libhal_bsp.a(alt_exception_muldiv.o)
 .text          0x00000000000206b4      0x1d0 ../nios2_sw_bsp/\libhal_bsp.a(alt_iic.o)
                0x00000000000206b4                alt_ic_isr_register
                0x000000000002070c                alt_ic_irq_enable
                0x000000000002079c                alt_ic_irq_disable
                0x0000000000020830                alt_ic_irq_enabled
 .text          0x0000000000020884       0xf8 ../nios2_sw_bsp/\libhal_bsp.a(alt_iic_isr_register.o)
                0x0000000000020884                alt_iic_isr_register
 .text          0x000000000002097c        0x0 ../nios2_sw_bsp/\libhal_bsp.a(alt_irq_entry.o)
 .text          0x000000000002097c        0x0 ../nios2_sw_bsp/\libhal_bsp.a(alt_irq_handler.o)
 .text          0x000000000002097c        0x0 ../nios2_sw_bsp/\libhal_bsp.a(alt_irq_vars.o)
 .text          0x000000000002097c       0xfc ../nios2_sw_bsp/\libhal_bsp.a(alt_load.o)
                0x00000000000209ec                alt_load
 .text          0x0000000000020a78       0x68 ../nios2_sw_bsp/\libhal_bsp.a(alt_main.o)
                0x0000000000020a78                alt_main
 .text          0x0000000000020ae0       0x68 ../nios2_sw_bsp/\libhal_bsp.a(alt_sys_init.o)
                0x0000000000020ae0                alt_irq_init
                0x0000000000020b20                alt_sys_init
 .text          0x0000000000020b48       0x88 ../nios2_sw_bsp/\libhal_bsp.a(alt_close.o)
                0x0000000000020b8c                close
 .text          0x0000000000020bd0       0x28 ../nios2_sw_bsp/\libhal_bsp.a(alt_dcache_flush_all.o)
                0x0000000000020bd0                alt_dcache_flush_all
 .text          0x0000000000020bf8       0x68 ../nios2_sw_bsp/\libhal_bsp.a(alt_do_ctors.o)
                0x0000000000020bf8                _do_ctors
 .text          0x0000000000020c60       0x68 ../nios2_sw_bsp/\libhal_bsp.a(alt_do_dtors.o)
                0x0000000000020c60                _do_dtors
 .text          0x0000000000020cc8        0x0 ../nios2_sw_bsp/\libhal_bsp.a(alt_errno.o)
 .text          0x0000000000020cc8        0x0 ../nios2_sw_bsp/\libhal_bsp.a(alt_exception_entry.o)
 .text          0x0000000000020cc8       0x28 ../nios2_sw_bsp/\libhal_bsp.a(alt_icache_flush_all.o)
                0x0000000000020cc8                alt_icache_flush_all
 .text          0x0000000000020cf0       0xa4 ../nios2_sw_bsp/\libhal_bsp.a(alt_instruction_exception_entry.o)
                0x0000000000020cf0                alt_exception_cause_generated_bad_addr
 .text          0x0000000000020d94       0x2c ../nios2_sw_bsp/\libhal_bsp.a(altera_nios2_gen2_irq.o)
                0x0000000000020d94                altera_nios2_gen2_irq_init
 .text          0x0000000000020dc0        0x0 c:/intelfpga/18.0/nios2eds/bin/gnu/h-x86_64-mingw32/bin/../lib/gcc/nios2-elf/5.3.0/../../../../../H-x86_64-mingw32/nios2-elf/lib/mno-hw-mul/fstack-limit-register-et\libc.a(lib_a-atexit.o)
 .text.atexit   0x0000000000020dc0       0x14 c:/intelfpga/18.0/nios2eds/bin/gnu/h-x86_64-mingw32/bin/../lib/gcc/nios2-elf/5.3.0/../../../../../H-x86_64-mingw32/nios2-elf/lib/mno-hw-mul/fstack-limit-register-et\libc.a(lib_a-atexit.o)
                0x0000000000020dc0                atexit
 .text          0x0000000000020dd4        0x0 c:/intelfpga/18.0/nios2eds/bin/gnu/h-x86_64-mingw32/bin/../lib/gcc/nios2-elf/5.3.0/../../../../../H-x86_64-mingw32/nios2-elf/lib/mno-hw-mul/fstack-limit-register-et\libc.a(lib_a-exit.o)
 .text.exit     0x0000000000020dd4       0x40 c:/intelfpga/18.0/nios2eds/bin/gnu/h-x86_64-mingw32/bin/../lib/gcc/nios2-elf/5.3.0/../../../../../H-x86_64-mingw32/nios2-elf/lib/mno-hw-mul/fstack-limit-register-et\libc.a(lib_a-exit.o)
                0x0000000000020dd4                exit
 .text          0x0000000000020e14        0x0 c:/intelfpga/18.0/nios2eds/bin/gnu/h-x86_64-mingw32/bin/../lib/gcc/nios2-elf/5.3.0/../../../../../H-x86_64-mingw32/nios2-elf/lib/mno-hw-mul/fstack-limit-register-et\libc.a(lib_a-impure.o)
 .text          0x0000000000020e14        0x0 c:/intelfpga/18.0/nios2eds/bin/gnu/h-x86_64-mingw32/bin/../lib/gcc/nios2-elf/5.3.0/../../../../../H-x86_64-mingw32/nios2-elf/lib/mno-hw-mul/fstack-limit-register-et\libc.a(lib_a-int_errno.o)
 .text          0x0000000000020e14        0x0 c:/intelfpga/18.0/nios2eds/bin/gnu/h-x86_64-mingw32/bin/../lib/gcc/nios2-elf/5.3.0/../../../../../H-x86_64-mingw32/nios2-elf/lib/mno-hw-mul/fstack-limit-register-et\libc.a(lib_a-__atexit.o)
 .text.__register_exitproc
                0x0000000000020e14      0x120 c:/intelfpga/18.0/nios2eds/bin/gnu/h-x86_64-mingw32/bin/../lib/gcc/nios2-elf/5.3.0/../../../../../H-x86_64-mingw32/nios2-elf/lib/mno-hw-mul/fstack-limit-register-et\libc.a(lib_a-__atexit.o)
                0x0000000000020e14                __register_exitproc
 .text          0x0000000000020f34        0x0 c:/intelfpga/18.0/nios2eds/bin/gnu/h-x86_64-mingw32/bin/../lib/gcc/nios2-elf/5.3.0/../../../../../H-x86_64-mingw32/nios2-elf/lib/mno-hw-mul/fstack-limit-register-et\libc.a(lib_a-__call_atexit.o)
 .text.__call_exitprocs
                0x0000000000020f34      0x188 c:/intelfpga/18.0/nios2eds/bin/gnu/h-x86_64-mingw32/bin/../lib/gcc/nios2-elf/5.3.0/../../../../../H-x86_64-mingw32/nios2-elf/lib/mno-hw-mul/fstack-limit-register-et\libc.a(lib_a-__call_atexit.o)
                0x0000000000020f34                __call_exitprocs
 .text          0x00000000000210bc       0x3c ../nios2_sw_bsp/\libhal_bsp.a(alt_exit.o)
                0x00000000000210bc                _exit
 *(.gnu.warning.*)
 *(.fini)
                [!provide]                        PROVIDE (__etext, ABSOLUTE (.))
                [!provide]                        PROVIDE (_etext, ABSOLUTE (.))
                [!provide]                        PROVIDE (etext, ABSOLUTE (.))
 *(.eh_frame_hdr)
                0x00000000000210f8                . = ALIGN (0x4)
                [!provide]                        PROVIDE (__preinit_array_start, ABSOLUTE (.))
 *(.preinit_array)
                [!provide]                        PROVIDE (__preinit_array_end, ABSOLUTE (.))
                [!provide]                        PROVIDE (__init_array_start, ABSOLUTE (.))
 *(.init_array)
                [!provide]                        PROVIDE (__init_array_end, ABSOLUTE (.))
                [!provide]                        PROVIDE (__fini_array_start, ABSOLUTE (.))
 *(.fini_array)
                [!provide]                        PROVIDE (__fini_array_end, ABSOLUTE (.))
 *(.eh_frame)
 *(.gcc_except_table .gcc_except_table.*)
 *(.dynamic)
                0x00000000000210f8                PROVIDE (__CTOR_LIST__, ABSOLUTE (.))
 *(.ctors)
 *(SORT(.ctors.*))
                0x00000000000210f8                PROVIDE (__CTOR_END__, ABSOLUTE (.))
                0x00000000000210f8                PROVIDE (__DTOR_LIST__, ABSOLUTE (.))
 *(.dtors)
 *(SORT(.dtors.*))
                0x00000000000210f8                PROVIDE (__DTOR_END__, ABSOLUTE (.))
 *(.jcr)
                0x00000000000210f8                . = ALIGN (0x4)

.rodata         0x00000000000210f8        0x4
                0x00000000000210f8                PROVIDE (__ram_rodata_start, ABSOLUTE (.))
                0x00000000000210f8                . = ALIGN (0x4)
 *(.rodata .rodata.* .gnu.linkonce.r.*)
 .rodata.str1.4
                0x00000000000210f8        0x4 c:/intelfpga/18.0/nios2eds/bin/gnu/h-x86_64-mingw32/bin/../lib/gcc/nios2-elf/5.3.0/../../../../../H-x86_64-mingw32/nios2-elf/lib/mno-hw-mul/fstack-limit-register-et\libc.a(lib_a-impure.o)
                                          0x2 (size before relaxing)
 *(.rodata1)
                0x00000000000210fc                . = ALIGN (0x4)
                0x00000000000210fc                PROVIDE (__ram_rodata_end, ABSOLUTE (.))
                0x00000000000210f8                PROVIDE (__flash_rodata_start, LOADADDR (.rodata))

.rwdata         0x00000000000210fc      0x438 load address 0x0000000000021534
                0x00000000000210fc                PROVIDE (__ram_rwdata_start, ABSOLUTE (.))
                0x00000000000210fc                . = ALIGN (0x4)
 *(.got.plt)
 *(.got)
 *(.data1)
 *(.data .data.* .gnu.linkonce.d.*)
 .data          0x00000000000210fc        0x0 ../nios2_sw_bsp//obj/HAL/src/crt0.o
 .data          0x00000000000210fc        0x0 obj/default/max10_nios2_interrupt.o
 .data          0x00000000000210fc        0x0 ../nios2_sw_bsp/\libhal_bsp.a(alt_exception_muldiv.o)
 .data          0x00000000000210fc        0x0 ../nios2_sw_bsp/\libhal_bsp.a(alt_iic.o)
 .data          0x00000000000210fc        0x0 ../nios2_sw_bsp/\libhal_bsp.a(alt_iic_isr_register.o)
 .data          0x00000000000210fc        0x0 ../nios2_sw_bsp/\libhal_bsp.a(alt_irq_entry.o)
 .data          0x00000000000210fc        0x0 ../nios2_sw_bsp/\libhal_bsp.a(alt_irq_handler.o)
 .data          0x00000000000210fc        0x0 ../nios2_sw_bsp/\libhal_bsp.a(alt_irq_vars.o)
 .data          0x00000000000210fc        0x0 ../nios2_sw_bsp/\libhal_bsp.a(alt_load.o)
 .data          0x00000000000210fc        0x0 ../nios2_sw_bsp/\libhal_bsp.a(alt_main.o)
 .data          0x00000000000210fc        0x0 ../nios2_sw_bsp/\libhal_bsp.a(alt_sys_init.o)
 .data          0x00000000000210fc        0x0 ../nios2_sw_bsp/\libhal_bsp.a(alt_close.o)
 .data          0x00000000000210fc        0x0 ../nios2_sw_bsp/\libhal_bsp.a(alt_dcache_flush_all.o)
 .data          0x00000000000210fc        0x0 ../nios2_sw_bsp/\libhal_bsp.a(alt_do_ctors.o)
 .data          0x00000000000210fc        0x0 ../nios2_sw_bsp/\libhal_bsp.a(alt_do_dtors.o)
 .data          0x00000000000210fc        0x0 ../nios2_sw_bsp/\libhal_bsp.a(alt_errno.o)
 .data          0x00000000000210fc        0x0 ../nios2_sw_bsp/\libhal_bsp.a(alt_exception_entry.o)
 .data          0x00000000000210fc        0x0 ../nios2_sw_bsp/\libhal_bsp.a(alt_icache_flush_all.o)
 .data          0x00000000000210fc        0x0 ../nios2_sw_bsp/\libhal_bsp.a(alt_instruction_exception_entry.o)
 .data          0x00000000000210fc        0x0 ../nios2_sw_bsp/\libhal_bsp.a(altera_nios2_gen2_irq.o)
 .data          0x00000000000210fc        0x0 c:/intelfpga/18.0/nios2eds/bin/gnu/h-x86_64-mingw32/bin/../lib/gcc/nios2-elf/5.3.0/../../../../../H-x86_64-mingw32/nios2-elf/lib/mno-hw-mul/fstack-limit-register-et\libc.a(lib_a-atexit.o)
 .data          0x00000000000210fc        0x0 c:/intelfpga/18.0/nios2eds/bin/gnu/h-x86_64-mingw32/bin/../lib/gcc/nios2-elf/5.3.0/../../../../../H-x86_64-mingw32/nios2-elf/lib/mno-hw-mul/fstack-limit-register-et\libc.a(lib_a-exit.o)
 .data          0x00000000000210fc        0x0 c:/intelfpga/18.0/nios2eds/bin/gnu/h-x86_64-mingw32/bin/../lib/gcc/nios2-elf/5.3.0/../../../../../H-x86_64-mingw32/nios2-elf/lib/mno-hw-mul/fstack-limit-register-et\libc.a(lib_a-impure.o)
 .data.impure_data
                0x00000000000210fc      0x424 c:/intelfpga/18.0/nios2eds/bin/gnu/h-x86_64-mingw32/bin/../lib/gcc/nios2-elf/5.3.0/../../../../../H-x86_64-mingw32/nios2-elf/lib/mno-hw-mul/fstack-limit-register-et\libc.a(lib_a-impure.o)
 .data          0x0000000000021520        0x0 c:/intelfpga/18.0/nios2eds/bin/gnu/h-x86_64-mingw32/bin/../lib/gcc/nios2-elf/5.3.0/../../../../../H-x86_64-mingw32/nios2-elf/lib/mno-hw-mul/fstack-limit-register-et\libc.a(lib_a-int_errno.o)
 .data          0x0000000000021520        0x0 c:/intelfpga/18.0/nios2eds/bin/gnu/h-x86_64-mingw32/bin/../lib/gcc/nios2-elf/5.3.0/../../../../../H-x86_64-mingw32/nios2-elf/lib/mno-hw-mul/fstack-limit-register-et\libc.a(lib_a-__atexit.o)
 .data          0x0000000000021520        0x0 c:/intelfpga/18.0/nios2eds/bin/gnu/h-x86_64-mingw32/bin/../lib/gcc/nios2-elf/5.3.0/../../../../../H-x86_64-mingw32/nios2-elf/lib/mno-hw-mul/fstack-limit-register-et\libc.a(lib_a-__call_atexit.o)
 .data          0x0000000000021520        0x0 ../nios2_sw_bsp/\libhal_bsp.a(alt_exit.o)
                0x0000000000029520                _gp = ABSOLUTE ((. + 0x8000))
                [!provide]                        PROVIDE (gp, _gp)
 *(.rwdata .rwdata.*)
 *(.sdata .sdata.* .gnu.linkonce.s.*)
 .sdata         0x0000000000021520        0x4 ../nios2_sw_bsp//obj/HAL/src/crt0.o
                0x0000000000021520                alt_stack_limit_value
 .sdata         0x0000000000021524        0x4 ../nios2_sw_bsp/\libhal_bsp.a(alt_irq_vars.o)
                0x0000000000021524                alt_priority_mask
 .sdata         0x0000000000021528        0x4 ../nios2_sw_bsp/\libhal_bsp.a(alt_errno.o)
                0x0000000000021528                alt_errno
 .sdata._global_impure_ptr
                0x000000000002152c        0x4 c:/intelfpga/18.0/nios2eds/bin/gnu/h-x86_64-mingw32/bin/../lib/gcc/nios2-elf/5.3.0/../../../../../H-x86_64-mingw32/nios2-elf/lib/mno-hw-mul/fstack-limit-register-et\libc.a(lib_a-impure.o)
                0x000000000002152c                _global_impure_ptr
 .sdata._impure_ptr
                0x0000000000021530        0x4 c:/intelfpga/18.0/nios2eds/bin/gnu/h-x86_64-mingw32/bin/../lib/gcc/nios2-elf/5.3.0/../../../../../H-x86_64-mingw32/nios2-elf/lib/mno-hw-mul/fstack-limit-register-et\libc.a(lib_a-impure.o)
                0x0000000000021530                _impure_ptr
 *(.sdata2 .sdata2.* .gnu.linkonce.s2.*)
                0x0000000000021534                . = ALIGN (0x4)
                0x0000000000021534                _edata = ABSOLUTE (.)
                [!provide]                        PROVIDE (edata, ABSOLUTE (.))
                0x0000000000021534                PROVIDE (__ram_rwdata_end, ABSOLUTE (.))
                0x0000000000021534                PROVIDE (__flash_rwdata_start, LOADADDR (.rwdata))

.bss            0x000000000002196c      0x11c
                0x000000000002196c                __bss_start = ABSOLUTE (.)
                [!provide]                        PROVIDE (__sbss_start, ABSOLUTE (.))
                [!provide]                        PROVIDE (___sbss_start, ABSOLUTE (.))
 *(.dynsbss)
 *(.sbss .sbss.* .gnu.linkonce.sb.*)
 .sbss          0x000000000002196c        0x4 obj/default/max10_nios2_interrupt.o
                0x000000000002196c                edge_capture
 .sbss          0x0000000000021970        0x4 ../nios2_sw_bsp/\libhal_bsp.a(alt_irq_vars.o)
                0x0000000000021970                alt_irq_active
 .sbss          0x0000000000021974        0xc ../nios2_sw_bsp/\libhal_bsp.a(alt_main.o)
                0x0000000000021974                alt_argc
                0x0000000000021978                alt_argv
                0x000000000002197c                alt_envp
 .sbss          0x0000000000021980        0x4 ../nios2_sw_bsp/\libhal_bsp.a(alt_instruction_exception_entry.o)
                0x0000000000021980                alt_instruction_exception_handler
 .sbss          0x0000000000021984        0x4 c:/intelfpga/18.0/nios2eds/bin/gnu/h-x86_64-mingw32/bin/../lib/gcc/nios2-elf/5.3.0/../../../../../H-x86_64-mingw32/nios2-elf/lib/mno-hw-mul/fstack-limit-register-et\libc.a(lib_a-int_errno.o)
                0x0000000000021984                errno
 *(.sbss2 .sbss2.* .gnu.linkonce.sb2.*)
 *(.scommon)
                [!provide]                        PROVIDE (__sbss_end, ABSOLUTE (.))
                [!provide]                        PROVIDE (___sbss_end, ABSOLUTE (.))
 *(.dynbss)
 *(.bss .bss.* .gnu.linkonce.b.*)
 .bss           0x0000000000021988        0x0 ../nios2_sw_bsp//obj/HAL/src/crt0.o
 .bss           0x0000000000021988        0x0 obj/default/max10_nios2_interrupt.o
 .bss           0x0000000000021988        0x0 ../nios2_sw_bsp/\libhal_bsp.a(alt_exception_muldiv.o)
 .bss           0x0000000000021988        0x0 ../nios2_sw_bsp/\libhal_bsp.a(alt_iic.o)
 .bss           0x0000000000021988        0x0 ../nios2_sw_bsp/\libhal_bsp.a(alt_iic_isr_register.o)
 .bss           0x0000000000021988        0x0 ../nios2_sw_bsp/\libhal_bsp.a(alt_irq_entry.o)
 .bss           0x0000000000021988        0x0 ../nios2_sw_bsp/\libhal_bsp.a(alt_irq_handler.o)
 .bss           0x0000000000021988        0x0 ../nios2_sw_bsp/\libhal_bsp.a(alt_irq_vars.o)
 .bss           0x0000000000021988        0x0 ../nios2_sw_bsp/\libhal_bsp.a(alt_load.o)
 .bss           0x0000000000021988        0x0 ../nios2_sw_bsp/\libhal_bsp.a(alt_main.o)
 .bss           0x0000000000021988        0x0 ../nios2_sw_bsp/\libhal_bsp.a(alt_sys_init.o)
 .bss           0x0000000000021988        0x0 ../nios2_sw_bsp/\libhal_bsp.a(alt_close.o)
 .bss           0x0000000000021988        0x0 ../nios2_sw_bsp/\libhal_bsp.a(alt_dcache_flush_all.o)
 .bss           0x0000000000021988        0x0 ../nios2_sw_bsp/\libhal_bsp.a(alt_do_ctors.o)
 .bss           0x0000000000021988        0x0 ../nios2_sw_bsp/\libhal_bsp.a(alt_do_dtors.o)
 .bss           0x0000000000021988        0x0 ../nios2_sw_bsp/\libhal_bsp.a(alt_errno.o)
 .bss           0x0000000000021988        0x0 ../nios2_sw_bsp/\libhal_bsp.a(alt_exception_entry.o)
 .bss           0x0000000000021988        0x0 ../nios2_sw_bsp/\libhal_bsp.a(alt_icache_flush_all.o)
 .bss           0x0000000000021988        0x0 ../nios2_sw_bsp/\libhal_bsp.a(alt_instruction_exception_entry.o)
 .bss           0x0000000000021988        0x0 ../nios2_sw_bsp/\libhal_bsp.a(altera_nios2_gen2_irq.o)
 .bss           0x0000000000021988        0x0 c:/intelfpga/18.0/nios2eds/bin/gnu/h-x86_64-mingw32/bin/../lib/gcc/nios2-elf/5.3.0/../../../../../H-x86_64-mingw32/nios2-elf/lib/mno-hw-mul/fstack-limit-register-et\libc.a(lib_a-atexit.o)
 .bss           0x0000000000021988        0x0 c:/intelfpga/18.0/nios2eds/bin/gnu/h-x86_64-mingw32/bin/../lib/gcc/nios2-elf/5.3.0/../../../../../H-x86_64-mingw32/nios2-elf/lib/mno-hw-mul/fstack-limit-register-et\libc.a(lib_a-exit.o)
 .bss           0x0000000000021988        0x0 c:/intelfpga/18.0/nios2eds/bin/gnu/h-x86_64-mingw32/bin/../lib/gcc/nios2-elf/5.3.0/../../../../../H-x86_64-mingw32/nios2-elf/lib/mno-hw-mul/fstack-limit-register-et\libc.a(lib_a-impure.o)
 .bss           0x0000000000021988        0x0 c:/intelfpga/18.0/nios2eds/bin/gnu/h-x86_64-mingw32/bin/../lib/gcc/nios2-elf/5.3.0/../../../../../H-x86_64-mingw32/nios2-elf/lib/mno-hw-mul/fstack-limit-register-et\libc.a(lib_a-int_errno.o)
 .bss           0x0000000000021988        0x0 c:/intelfpga/18.0/nios2eds/bin/gnu/h-x86_64-mingw32/bin/../lib/gcc/nios2-elf/5.3.0/../../../../../H-x86_64-mingw32/nios2-elf/lib/mno-hw-mul/fstack-limit-register-et\libc.a(lib_a-__atexit.o)
 .bss           0x0000000000021988        0x0 c:/intelfpga/18.0/nios2eds/bin/gnu/h-x86_64-mingw32/bin/../lib/gcc/nios2-elf/5.3.0/../../../../../H-x86_64-mingw32/nios2-elf/lib/mno-hw-mul/fstack-limit-register-et\libc.a(lib_a-__call_atexit.o)
 .bss           0x0000000000021988        0x0 ../nios2_sw_bsp/\libhal_bsp.a(alt_exit.o)
 *(COMMON)
 COMMON         0x0000000000021988      0x100 ../nios2_sw_bsp/\libhal_bsp.a(alt_irq_handler.o)
                0x0000000000021988                alt_irq
                0x0000000000021a88                . = ALIGN (0x4)
                0x0000000000021a88                __bss_end = ABSOLUTE (.)

.RAM            0x0000000000021a88        0x0
                [!provide]                        PROVIDE (_alt_partition_RAM_start, ABSOLUTE (.))
 *(.RAM .RAM. RAM.*)
                0x0000000000021a88                . = ALIGN (0x4)
                [!provide]                        PROVIDE (_alt_partition_RAM_end, ABSOLUTE (.))
                0x0000000000021a88                _end = ABSOLUTE (.)
                0x0000000000021a88                end = ABSOLUTE (.)
                0x0000000000021a88                __alt_stack_base = ABSOLUTE (.)
                [!provide]                        PROVIDE (_alt_partition_RAM_load_addr, LOADADDR (.RAM))

.ROM            0x0000000000041000        0x0 load address 0x0000000000021a88
                [!provide]                        PROVIDE (_alt_partition_ROM_start, ABSOLUTE (.))
 *(.ROM .ROM. ROM.*)
                0x0000000000041000                . = ALIGN (0x4)
                [!provide]                        PROVIDE (_alt_partition_ROM_end, ABSOLUTE (.))
                [!provide]                        PROVIDE (_alt_partition_ROM_load_addr, LOADADDR (.ROM))

.stab
 *(.stab)

.stabstr
 *(.stabstr)

.stab.excl
 *(.stab.excl)

.stab.exclstr
 *(.stab.exclstr)

.stab.index
 *(.stab.index)

.stab.indexstr
 *(.stab.indexstr)

.comment        0x0000000000000000       0x23
 *(.comment)
 .comment       0x0000000000000000       0x23 obj/default/max10_nios2_interrupt.o
                                         0x24 (size before relaxing)
 .comment       0x0000000000000023       0x24 ../nios2_sw_bsp/\libhal_bsp.a(alt_iic.o)
 .comment       0x0000000000000023       0x24 ../nios2_sw_bsp/\libhal_bsp.a(alt_iic_isr_register.o)
 .comment       0x0000000000000023       0x24 ../nios2_sw_bsp/\libhal_bsp.a(alt_irq_handler.o)
 .comment       0x0000000000000023       0x24 ../nios2_sw_bsp/\libhal_bsp.a(alt_irq_vars.o)
 .comment       0x0000000000000023       0x24 ../nios2_sw_bsp/\libhal_bsp.a(alt_load.o)
 .comment       0x0000000000000023       0x24 ../nios2_sw_bsp/\libhal_bsp.a(alt_main.o)
 .comment       0x0000000000000023       0x24 ../nios2_sw_bsp/\libhal_bsp.a(alt_sys_init.o)
 .comment       0x0000000000000023       0x24 ../nios2_sw_bsp/\libhal_bsp.a(alt_close.o)
 .comment       0x0000000000000023       0x24 ../nios2_sw_bsp/\libhal_bsp.a(alt_dcache_flush_all.o)
 .comment       0x0000000000000023       0x24 ../nios2_sw_bsp/\libhal_bsp.a(alt_do_ctors.o)
 .comment       0x0000000000000023       0x24 ../nios2_sw_bsp/\libhal_bsp.a(alt_do_dtors.o)
 .comment       0x0000000000000023       0x24 ../nios2_sw_bsp/\libhal_bsp.a(alt_errno.o)
 .comment       0x0000000000000023       0x24 ../nios2_sw_bsp/\libhal_bsp.a(alt_icache_flush_all.o)
 .comment       0x0000000000000023       0x24 ../nios2_sw_bsp/\libhal_bsp.a(alt_instruction_exception_entry.o)
 .comment       0x0000000000000023       0x24 ../nios2_sw_bsp/\libhal_bsp.a(altera_nios2_gen2_irq.o)
 .comment       0x0000000000000023       0x24 c:/intelfpga/18.0/nios2eds/bin/gnu/h-x86_64-mingw32/bin/../lib/gcc/nios2-elf/5.3.0/../../../../../H-x86_64-mingw32/nios2-elf/lib/mno-hw-mul/fstack-limit-register-et\libc.a(lib_a-atexit.o)
 .comment       0x0000000000000023       0x24 c:/intelfpga/18.0/nios2eds/bin/gnu/h-x86_64-mingw32/bin/../lib/gcc/nios2-elf/5.3.0/../../../../../H-x86_64-mingw32/nios2-elf/lib/mno-hw-mul/fstack-limit-register-et\libc.a(lib_a-exit.o)
 .comment       0x0000000000000023       0x24 c:/intelfpga/18.0/nios2eds/bin/gnu/h-x86_64-mingw32/bin/../lib/gcc/nios2-elf/5.3.0/../../../../../H-x86_64-mingw32/nios2-elf/lib/mno-hw-mul/fstack-limit-register-et\libc.a(lib_a-impure.o)
 .comment       0x0000000000000023       0x24 c:/intelfpga/18.0/nios2eds/bin/gnu/h-x86_64-mingw32/bin/../lib/gcc/nios2-elf/5.3.0/../../../../../H-x86_64-mingw32/nios2-elf/lib/mno-hw-mul/fstack-limit-register-et\libc.a(lib_a-int_errno.o)
 .comment       0x0000000000000023       0x24 c:/intelfpga/18.0/nios2eds/bin/gnu/h-x86_64-mingw32/bin/../lib/gcc/nios2-elf/5.3.0/../../../../../H-x86_64-mingw32/nios2-elf/lib/mno-hw-mul/fstack-limit-register-et\libc.a(lib_a-__atexit.o)
 .comment       0x0000000000000023       0x24 c:/intelfpga/18.0/nios2eds/bin/gnu/h-x86_64-mingw32/bin/../lib/gcc/nios2-elf/5.3.0/../../../../../H-x86_64-mingw32/nios2-elf/lib/mno-hw-mul/fstack-limit-register-et\libc.a(lib_a-__call_atexit.o)
 .comment       0x0000000000000023       0x24 ../nios2_sw_bsp/\libhal_bsp.a(alt_exit.o)

.exceptions.start
                0x0000000000000000        0x0
 .exceptions.start
                0x0000000000000000        0x0 ../nios2_sw_bsp/\libhal_bsp.a(alt_exception_muldiv.o)

.debug
 *(.debug)

.line
 *(.line)

.debug_srcinfo
 *(.debug_srcinfo)

.debug_sfnames
 *(.debug_sfnames)

.debug_aranges  0x0000000000000000      0x378
 *(.debug_aranges)
 .debug_aranges
                0x0000000000000000       0x28 ../nios2_sw_bsp//obj/HAL/src/crt0.o
 .debug_aranges
                0x0000000000000028       0x20 obj/default/max10_nios2_interrupt.o
 .debug_aranges
                0x0000000000000048       0x20 ../nios2_sw_bsp/\libhal_bsp.a(alt_exception_muldiv.o)
 .debug_aranges
                0x0000000000000068       0x20 ../nios2_sw_bsp/\libhal_bsp.a(alt_iic.o)
 .debug_aranges
                0x0000000000000088       0x20 ../nios2_sw_bsp/\libhal_bsp.a(alt_iic_isr_register.o)
 .debug_aranges
                0x00000000000000a8       0x30 ../nios2_sw_bsp/\libhal_bsp.a(alt_irq_entry.o)
 .debug_aranges
                0x00000000000000d8       0x20 ../nios2_sw_bsp/\libhal_bsp.a(alt_irq_handler.o)
 .debug_aranges
                0x00000000000000f8       0x18 ../nios2_sw_bsp/\libhal_bsp.a(alt_irq_vars.o)
 .debug_aranges
                0x0000000000000110       0x20 ../nios2_sw_bsp/\libhal_bsp.a(alt_load.o)
 .debug_aranges
                0x0000000000000130       0x20 ../nios2_sw_bsp/\libhal_bsp.a(alt_main.o)
 .debug_aranges
                0x0000000000000150       0x20 ../nios2_sw_bsp/\libhal_bsp.a(alt_sys_init.o)
 .debug_aranges
                0x0000000000000170       0x20 ../nios2_sw_bsp/\libhal_bsp.a(alt_close.o)
 .debug_aranges
                0x0000000000000190       0x20 ../nios2_sw_bsp/\libhal_bsp.a(alt_dcache_flush_all.o)
 .debug_aranges
                0x00000000000001b0       0x20 ../nios2_sw_bsp/\libhal_bsp.a(alt_do_ctors.o)
 .debug_aranges
                0x00000000000001d0       0x20 ../nios2_sw_bsp/\libhal_bsp.a(alt_do_dtors.o)
 .debug_aranges
                0x00000000000001f0       0x18 ../nios2_sw_bsp/\libhal_bsp.a(alt_errno.o)
 .debug_aranges
                0x0000000000000208       0x38 ../nios2_sw_bsp/\libhal_bsp.a(alt_exception_entry.o)
 .debug_aranges
                0x0000000000000240       0x20 ../nios2_sw_bsp/\libhal_bsp.a(alt_icache_flush_all.o)
 .debug_aranges
                0x0000000000000260       0x28 ../nios2_sw_bsp/\libhal_bsp.a(alt_instruction_exception_entry.o)
 .debug_aranges
                0x0000000000000288       0x20 ../nios2_sw_bsp/\libhal_bsp.a(altera_nios2_gen2_irq.o)
 .debug_aranges
                0x00000000000002a8       0x20 c:/intelfpga/18.0/nios2eds/bin/gnu/h-x86_64-mingw32/bin/../lib/gcc/nios2-elf/5.3.0/../../../../../H-x86_64-mingw32/nios2-elf/lib/mno-hw-mul/fstack-limit-register-et\libc.a(lib_a-atexit.o)
 .debug_aranges
                0x00000000000002c8       0x20 c:/intelfpga/18.0/nios2eds/bin/gnu/h-x86_64-mingw32/bin/../lib/gcc/nios2-elf/5.3.0/../../../../../H-x86_64-mingw32/nios2-elf/lib/mno-hw-mul/fstack-limit-register-et\libc.a(lib_a-exit.o)
 .debug_aranges
                0x00000000000002e8       0x18 c:/intelfpga/18.0/nios2eds/bin/gnu/h-x86_64-mingw32/bin/../lib/gcc/nios2-elf/5.3.0/../../../../../H-x86_64-mingw32/nios2-elf/lib/mno-hw-mul/fstack-limit-register-et\libc.a(lib_a-impure.o)
 .debug_aranges
                0x0000000000000300       0x18 c:/intelfpga/18.0/nios2eds/bin/gnu/h-x86_64-mingw32/bin/../lib/gcc/nios2-elf/5.3.0/../../../../../H-x86_64-mingw32/nios2-elf/lib/mno-hw-mul/fstack-limit-register-et\libc.a(lib_a-int_errno.o)
 .debug_aranges
                0x0000000000000318       0x20 c:/intelfpga/18.0/nios2eds/bin/gnu/h-x86_64-mingw32/bin/../lib/gcc/nios2-elf/5.3.0/../../../../../H-x86_64-mingw32/nios2-elf/lib/mno-hw-mul/fstack-limit-register-et\libc.a(lib_a-__atexit.o)
 .debug_aranges
                0x0000000000000338       0x20 c:/intelfpga/18.0/nios2eds/bin/gnu/h-x86_64-mingw32/bin/../lib/gcc/nios2-elf/5.3.0/../../../../../H-x86_64-mingw32/nios2-elf/lib/mno-hw-mul/fstack-limit-register-et\libc.a(lib_a-__call_atexit.o)
 .debug_aranges
                0x0000000000000358       0x20 ../nios2_sw_bsp/\libhal_bsp.a(alt_exit.o)

.debug_pubnames
 *(.debug_pubnames)

.debug_info     0x0000000000000000     0x3b5d
 *(.debug_info .gnu.linkonce.wi.*)
 .debug_info    0x0000000000000000       0x8b ../nios2_sw_bsp//obj/HAL/src/crt0.o
 .debug_info    0x000000000000008b      0x16c obj/default/max10_nios2_interrupt.o
 .debug_info    0x00000000000001f7       0x9f ../nios2_sw_bsp/\libhal_bsp.a(alt_exception_muldiv.o)
 .debug_info    0x0000000000000296      0x350 ../nios2_sw_bsp/\libhal_bsp.a(alt_iic.o)
 .debug_info    0x00000000000005e6      0x1ef ../nios2_sw_bsp/\libhal_bsp.a(alt_iic_isr_register.o)
 .debug_info    0x00000000000007d5       0x94 ../nios2_sw_bsp/\libhal_bsp.a(alt_irq_entry.o)
 .debug_info    0x0000000000000869      0x187 ../nios2_sw_bsp/\libhal_bsp.a(alt_irq_handler.o)
 .debug_info    0x00000000000009f0       0x88 ../nios2_sw_bsp/\libhal_bsp.a(alt_irq_vars.o)
 .debug_info    0x0000000000000a78      0x145 ../nios2_sw_bsp/\libhal_bsp.a(alt_load.o)
 .debug_info    0x0000000000000bbd      0x131 ../nios2_sw_bsp/\libhal_bsp.a(alt_main.o)
 .debug_info    0x0000000000000cee       0xd4 ../nios2_sw_bsp/\libhal_bsp.a(alt_sys_init.o)
 .debug_info    0x0000000000000dc2      0x126 ../nios2_sw_bsp/\libhal_bsp.a(alt_close.o)
 .debug_info    0x0000000000000ee8       0x92 ../nios2_sw_bsp/\libhal_bsp.a(alt_dcache_flush_all.o)
 .debug_info    0x0000000000000f7a       0x83 ../nios2_sw_bsp/\libhal_bsp.a(alt_do_ctors.o)
 .debug_info    0x0000000000000ffd       0x83 ../nios2_sw_bsp/\libhal_bsp.a(alt_do_dtors.o)
 .debug_info    0x0000000000001080       0xa6 ../nios2_sw_bsp/\libhal_bsp.a(alt_errno.o)
 .debug_info    0x0000000000001126       0x9a ../nios2_sw_bsp/\libhal_bsp.a(alt_exception_entry.o)
 .debug_info    0x00000000000011c0       0x92 ../nios2_sw_bsp/\libhal_bsp.a(alt_icache_flush_all.o)
 .debug_info    0x0000000000001252      0x1e7 ../nios2_sw_bsp/\libhal_bsp.a(alt_instruction_exception_entry.o)
 .debug_info    0x0000000000001439       0x92 ../nios2_sw_bsp/\libhal_bsp.a(altera_nios2_gen2_irq.o)
 .debug_info    0x00000000000014cb       0xfe c:/intelfpga/18.0/nios2eds/bin/gnu/h-x86_64-mingw32/bin/../lib/gcc/nios2-elf/5.3.0/../../../../../H-x86_64-mingw32/nios2-elf/lib/mno-hw-mul/fstack-limit-register-et\libc.a(lib_a-atexit.o)
 .debug_info    0x00000000000015c9      0x8e4 c:/intelfpga/18.0/nios2eds/bin/gnu/h-x86_64-mingw32/bin/../lib/gcc/nios2-elf/5.3.0/../../../../../H-x86_64-mingw32/nios2-elf/lib/mno-hw-mul/fstack-limit-register-et\libc.a(lib_a-exit.o)
 .debug_info    0x0000000000001ead      0x8a1 c:/intelfpga/18.0/nios2eds/bin/gnu/h-x86_64-mingw32/bin/../lib/gcc/nios2-elf/5.3.0/../../../../../H-x86_64-mingw32/nios2-elf/lib/mno-hw-mul/fstack-limit-register-et\libc.a(lib_a-impure.o)
 .debug_info    0x000000000000274e       0x8a c:/intelfpga/18.0/nios2eds/bin/gnu/h-x86_64-mingw32/bin/../lib/gcc/nios2-elf/5.3.0/../../../../../H-x86_64-mingw32/nios2-elf/lib/mno-hw-mul/fstack-limit-register-et\libc.a(lib_a-int_errno.o)
 .debug_info    0x00000000000027d8      0x934 c:/intelfpga/18.0/nios2eds/bin/gnu/h-x86_64-mingw32/bin/../lib/gcc/nios2-elf/5.3.0/../../../../../H-x86_64-mingw32/nios2-elf/lib/mno-hw-mul/fstack-limit-register-et\libc.a(lib_a-__atexit.o)
 .debug_info    0x000000000000310c      0x965 c:/intelfpga/18.0/nios2eds/bin/gnu/h-x86_64-mingw32/bin/../lib/gcc/nios2-elf/5.3.0/../../../../../H-x86_64-mingw32/nios2-elf/lib/mno-hw-mul/fstack-limit-register-et\libc.a(lib_a-__call_atexit.o)
 .debug_info    0x0000000000003a71       0xec ../nios2_sw_bsp/\libhal_bsp.a(alt_exit.o)

.debug_abbrev   0x0000000000000000     0x144e
 *(.debug_abbrev)
 .debug_abbrev  0x0000000000000000       0x12 ../nios2_sw_bsp//obj/HAL/src/crt0.o
 .debug_abbrev  0x0000000000000012       0xf3 obj/default/max10_nios2_interrupt.o
 .debug_abbrev  0x0000000000000105       0x14 ../nios2_sw_bsp/\libhal_bsp.a(alt_exception_muldiv.o)
 .debug_abbrev  0x0000000000000119      0x163 ../nios2_sw_bsp/\libhal_bsp.a(alt_iic.o)
 .debug_abbrev  0x000000000000027c      0x169 ../nios2_sw_bsp/\libhal_bsp.a(alt_iic_isr_register.o)
 .debug_abbrev  0x00000000000003e5       0x12 ../nios2_sw_bsp/\libhal_bsp.a(alt_irq_entry.o)
 .debug_abbrev  0x00000000000003f7      0x122 ../nios2_sw_bsp/\libhal_bsp.a(alt_irq_handler.o)
 .debug_abbrev  0x0000000000000519       0x40 ../nios2_sw_bsp/\libhal_bsp.a(alt_irq_vars.o)
 .debug_abbrev  0x0000000000000559       0x9f ../nios2_sw_bsp/\libhal_bsp.a(alt_load.o)
 .debug_abbrev  0x00000000000005f8       0xba ../nios2_sw_bsp/\libhal_bsp.a(alt_main.o)
 .debug_abbrev  0x00000000000006b2       0x97 ../nios2_sw_bsp/\libhal_bsp.a(alt_sys_init.o)
 .debug_abbrev  0x0000000000000749       0xbb ../nios2_sw_bsp/\libhal_bsp.a(alt_close.o)
 .debug_abbrev  0x0000000000000804       0x42 ../nios2_sw_bsp/\libhal_bsp.a(alt_dcache_flush_all.o)
 .debug_abbrev  0x0000000000000846       0x79 ../nios2_sw_bsp/\libhal_bsp.a(alt_do_ctors.o)
 .debug_abbrev  0x00000000000008bf       0x79 ../nios2_sw_bsp/\libhal_bsp.a(alt_do_dtors.o)
 .debug_abbrev  0x0000000000000938       0x5a ../nios2_sw_bsp/\libhal_bsp.a(alt_errno.o)
 .debug_abbrev  0x0000000000000992       0x12 ../nios2_sw_bsp/\libhal_bsp.a(alt_exception_entry.o)
 .debug_abbrev  0x00000000000009a4       0x42 ../nios2_sw_bsp/\libhal_bsp.a(alt_icache_flush_all.o)
 .debug_abbrev  0x00000000000009e6       0xdc ../nios2_sw_bsp/\libhal_bsp.a(alt_instruction_exception_entry.o)
 .debug_abbrev  0x0000000000000ac2       0x42 ../nios2_sw_bsp/\libhal_bsp.a(altera_nios2_gen2_irq.o)
 .debug_abbrev  0x0000000000000b04       0xaa c:/intelfpga/18.0/nios2eds/bin/gnu/h-x86_64-mingw32/bin/../lib/gcc/nios2-elf/5.3.0/../../../../../H-x86_64-mingw32/nios2-elf/lib/mno-hw-mul/fstack-limit-register-et\libc.a(lib_a-atexit.o)
 .debug_abbrev  0x0000000000000bae      0x1e5 c:/intelfpga/18.0/nios2eds/bin/gnu/h-x86_64-mingw32/bin/../lib/gcc/nios2-elf/5.3.0/../../../../../H-x86_64-mingw32/nios2-elf/lib/mno-hw-mul/fstack-limit-register-et\libc.a(lib_a-exit.o)
 .debug_abbrev  0x0000000000000d93      0x18f c:/intelfpga/18.0/nios2eds/bin/gnu/h-x86_64-mingw32/bin/../lib/gcc/nios2-elf/5.3.0/../../../../../H-x86_64-mingw32/nios2-elf/lib/mno-hw-mul/fstack-limit-register-et\libc.a(lib_a-impure.o)
 .debug_abbrev  0x0000000000000f22       0x37 c:/intelfpga/18.0/nios2eds/bin/gnu/h-x86_64-mingw32/bin/../lib/gcc/nios2-elf/5.3.0/../../../../../H-x86_64-mingw32/nios2-elf/lib/mno-hw-mul/fstack-limit-register-et\libc.a(lib_a-int_errno.o)
 .debug_abbrev  0x0000000000000f59      0x21e c:/intelfpga/18.0/nios2eds/bin/gnu/h-x86_64-mingw32/bin/../lib/gcc/nios2-elf/5.3.0/../../../../../H-x86_64-mingw32/nios2-elf/lib/mno-hw-mul/fstack-limit-register-et\libc.a(lib_a-__atexit.o)
 .debug_abbrev  0x0000000000001177      0x22e c:/intelfpga/18.0/nios2eds/bin/gnu/h-x86_64-mingw32/bin/../lib/gcc/nios2-elf/5.3.0/../../../../../H-x86_64-mingw32/nios2-elf/lib/mno-hw-mul/fstack-limit-register-et\libc.a(lib_a-__call_atexit.o)
 .debug_abbrev  0x00000000000013a5       0xa9 ../nios2_sw_bsp/\libhal_bsp.a(alt_exit.o)

.debug_line     0x0000000000000000     0x149f
 *(.debug_line)
 .debug_line    0x0000000000000000       0x68 ../nios2_sw_bsp//obj/HAL/src/crt0.o
 .debug_line    0x0000000000000068       0xaa obj/default/max10_nios2_interrupt.o
 .debug_line    0x0000000000000112       0xd9 ../nios2_sw_bsp/\libhal_bsp.a(alt_exception_muldiv.o)
 .debug_line    0x00000000000001eb       0xee ../nios2_sw_bsp/\libhal_bsp.a(alt_iic.o)
 .debug_line    0x00000000000002d9       0xdc ../nios2_sw_bsp/\libhal_bsp.a(alt_iic_isr_register.o)
 .debug_line    0x00000000000003b5       0x6b ../nios2_sw_bsp/\libhal_bsp.a(alt_irq_entry.o)
 .debug_line    0x0000000000000420       0xab ../nios2_sw_bsp/\libhal_bsp.a(alt_irq_handler.o)
 .debug_line    0x00000000000004cb       0x50 ../nios2_sw_bsp/\libhal_bsp.a(alt_irq_vars.o)
 .debug_line    0x000000000000051b       0x8f ../nios2_sw_bsp/\libhal_bsp.a(alt_load.o)
 .debug_line    0x00000000000005aa       0xa1 ../nios2_sw_bsp/\libhal_bsp.a(alt_main.o)
 .debug_line    0x000000000000064b       0x6c ../nios2_sw_bsp/\libhal_bsp.a(alt_sys_init.o)
 .debug_line    0x00000000000006b7      0x101 ../nios2_sw_bsp/\libhal_bsp.a(alt_close.o)
 .debug_line    0x00000000000007b8       0x52 ../nios2_sw_bsp/\libhal_bsp.a(alt_dcache_flush_all.o)
 .debug_line    0x000000000000080a       0x5a ../nios2_sw_bsp/\libhal_bsp.a(alt_do_ctors.o)
 .debug_line    0x0000000000000864       0x5a ../nios2_sw_bsp/\libhal_bsp.a(alt_do_dtors.o)
 .debug_line    0x00000000000008be       0x51 ../nios2_sw_bsp/\libhal_bsp.a(alt_errno.o)
 .debug_line    0x000000000000090f       0xb5 ../nios2_sw_bsp/\libhal_bsp.a(alt_exception_entry.o)
 .debug_line    0x00000000000009c4       0x50 ../nios2_sw_bsp/\libhal_bsp.a(alt_icache_flush_all.o)
 .debug_line    0x0000000000000a14       0xba ../nios2_sw_bsp/\libhal_bsp.a(alt_instruction_exception_entry.o)
 .debug_line    0x0000000000000ace       0x52 ../nios2_sw_bsp/\libhal_bsp.a(altera_nios2_gen2_irq.o)
 .debug_line    0x0000000000000b20       0xea c:/intelfpga/18.0/nios2eds/bin/gnu/h-x86_64-mingw32/bin/../lib/gcc/nios2-elf/5.3.0/../../../../../H-x86_64-mingw32/nios2-elf/lib/mno-hw-mul/fstack-limit-register-et\libc.a(lib_a-atexit.o)
 .debug_line    0x0000000000000c0a      0x1ff c:/intelfpga/18.0/nios2eds/bin/gnu/h-x86_64-mingw32/bin/../lib/gcc/nios2-elf/5.3.0/../../../../../H-x86_64-mingw32/nios2-elf/lib/mno-hw-mul/fstack-limit-register-et\libc.a(lib_a-exit.o)
 .debug_line    0x0000000000000e09      0x163 c:/intelfpga/18.0/nios2eds/bin/gnu/h-x86_64-mingw32/bin/../lib/gcc/nios2-elf/5.3.0/../../../../../H-x86_64-mingw32/nios2-elf/lib/mno-hw-mul/fstack-limit-register-et\libc.a(lib_a-impure.o)
 .debug_line    0x0000000000000f6c       0x62 c:/intelfpga/18.0/nios2eds/bin/gnu/h-x86_64-mingw32/bin/../lib/gcc/nios2-elf/5.3.0/../../../../../H-x86_64-mingw32/nios2-elf/lib/mno-hw-mul/fstack-limit-register-et\libc.a(lib_a-int_errno.o)
 .debug_line    0x0000000000000fce      0x222 c:/intelfpga/18.0/nios2eds/bin/gnu/h-x86_64-mingw32/bin/../lib/gcc/nios2-elf/5.3.0/../../../../../H-x86_64-mingw32/nios2-elf/lib/mno-hw-mul/fstack-limit-register-et\libc.a(lib_a-__atexit.o)
 .debug_line    0x00000000000011f0      0x23d c:/intelfpga/18.0/nios2eds/bin/gnu/h-x86_64-mingw32/bin/../lib/gcc/nios2-elf/5.3.0/../../../../../H-x86_64-mingw32/nios2-elf/lib/mno-hw-mul/fstack-limit-register-et\libc.a(lib_a-__call_atexit.o)
 .debug_line    0x000000000000142d       0x72 ../nios2_sw_bsp/\libhal_bsp.a(alt_exit.o)

.debug_frame    0x0000000000000000      0x584
 *(.debug_frame)
 .debug_frame   0x0000000000000000       0xc4 obj/default/max10_nios2_interrupt.o
 .debug_frame   0x00000000000000c4       0xa4 ../nios2_sw_bsp/\libhal_bsp.a(alt_iic.o)
 .debug_frame   0x0000000000000168       0x38 ../nios2_sw_bsp/\libhal_bsp.a(alt_iic_isr_register.o)
 .debug_frame   0x00000000000001a0       0x38 ../nios2_sw_bsp/\libhal_bsp.a(alt_irq_handler.o)
 .debug_frame   0x00000000000001d8       0x5c ../nios2_sw_bsp/\libhal_bsp.a(alt_load.o)
 .debug_frame   0x0000000000000234       0x2c ../nios2_sw_bsp/\libhal_bsp.a(alt_main.o)
 .debug_frame   0x0000000000000260       0x5c ../nios2_sw_bsp/\libhal_bsp.a(alt_sys_init.o)
 .debug_frame   0x00000000000002bc       0x60 ../nios2_sw_bsp/\libhal_bsp.a(alt_close.o)
 .debug_frame   0x000000000000031c       0x34 ../nios2_sw_bsp/\libhal_bsp.a(alt_dcache_flush_all.o)
 .debug_frame   0x0000000000000350       0x38 ../nios2_sw_bsp/\libhal_bsp.a(alt_do_ctors.o)
 .debug_frame   0x0000000000000388       0x38 ../nios2_sw_bsp/\libhal_bsp.a(alt_do_dtors.o)
 .debug_frame   0x00000000000003c0       0x34 ../nios2_sw_bsp/\libhal_bsp.a(alt_icache_flush_all.o)
 .debug_frame   0x00000000000003f4       0x5c ../nios2_sw_bsp/\libhal_bsp.a(alt_instruction_exception_entry.o)
 .debug_frame   0x0000000000000450       0x34 ../nios2_sw_bsp/\libhal_bsp.a(altera_nios2_gen2_irq.o)
 .debug_frame   0x0000000000000484       0x20 c:/intelfpga/18.0/nios2eds/bin/gnu/h-x86_64-mingw32/bin/../lib/gcc/nios2-elf/5.3.0/../../../../../H-x86_64-mingw32/nios2-elf/lib/mno-hw-mul/fstack-limit-register-et\libc.a(lib_a-atexit.o)
 .debug_frame   0x00000000000004a4       0x28 c:/intelfpga/18.0/nios2eds/bin/gnu/h-x86_64-mingw32/bin/../lib/gcc/nios2-elf/5.3.0/../../../../../H-x86_64-mingw32/nios2-elf/lib/mno-hw-mul/fstack-limit-register-et\libc.a(lib_a-exit.o)
 .debug_frame   0x00000000000004cc       0x38 c:/intelfpga/18.0/nios2eds/bin/gnu/h-x86_64-mingw32/bin/../lib/gcc/nios2-elf/5.3.0/../../../../../H-x86_64-mingw32/nios2-elf/lib/mno-hw-mul/fstack-limit-register-et\libc.a(lib_a-__atexit.o)
 .debug_frame   0x0000000000000504       0x54 c:/intelfpga/18.0/nios2eds/bin/gnu/h-x86_64-mingw32/bin/../lib/gcc/nios2-elf/5.3.0/../../../../../H-x86_64-mingw32/nios2-elf/lib/mno-hw-mul/fstack-limit-register-et\libc.a(lib_a-__call_atexit.o)
 .debug_frame   0x0000000000000558       0x2c ../nios2_sw_bsp/\libhal_bsp.a(alt_exit.o)

.debug_str      0x0000000000000000     0x134b
 *(.debug_str)
 .debug_str     0x0000000000000000      0x17f obj/default/max10_nios2_interrupt.o
                                        0x1c5 (size before relaxing)
 .debug_str     0x000000000000017f      0x1bd ../nios2_sw_bsp/\libhal_bsp.a(alt_iic.o)
                                        0x275 (size before relaxing)
 .debug_str     0x000000000000033c       0x4c ../nios2_sw_bsp/\libhal_bsp.a(alt_iic_isr_register.o)
                                        0x21f (size before relaxing)
 .debug_str     0x0000000000000388       0x3a ../nios2_sw_bsp/\libhal_bsp.a(alt_irq_handler.o)
                                        0x1ce (size before relaxing)
 .debug_str     0x00000000000003c2       0x17 ../nios2_sw_bsp/\libhal_bsp.a(alt_irq_vars.o)
                                        0x171 (size before relaxing)
 .debug_str     0x00000000000003d9       0xe9 ../nios2_sw_bsp/\libhal_bsp.a(alt_load.o)
                                        0x249 (size before relaxing)
 .debug_str     0x00000000000004c2       0x70 ../nios2_sw_bsp/\libhal_bsp.a(alt_main.o)
                                        0x1d4 (size before relaxing)
 .debug_str     0x0000000000000532       0x47 ../nios2_sw_bsp/\libhal_bsp.a(alt_sys_init.o)
                                        0x1a4 (size before relaxing)
 .debug_str     0x0000000000000579       0x33 ../nios2_sw_bsp/\libhal_bsp.a(alt_close.o)
                                        0x1c8 (size before relaxing)
 .debug_str     0x00000000000005ac       0x34 ../nios2_sw_bsp/\libhal_bsp.a(alt_dcache_flush_all.o)
                                        0x18c (size before relaxing)
 .debug_str     0x00000000000005e0       0x48 ../nios2_sw_bsp/\libhal_bsp.a(alt_do_ctors.o)
                                        0x107 (size before relaxing)
 .debug_str     0x0000000000000628       0x4c ../nios2_sw_bsp/\libhal_bsp.a(alt_do_dtors.o)
                                        0x106 (size before relaxing)
 .debug_str     0x0000000000000674       0x14 ../nios2_sw_bsp/\libhal_bsp.a(alt_errno.o)
                                        0x17c (size before relaxing)
 .debug_str     0x0000000000000688       0x34 ../nios2_sw_bsp/\libhal_bsp.a(alt_icache_flush_all.o)
                                        0x18c (size before relaxing)
 .debug_str     0x00000000000006bc      0x48b ../nios2_sw_bsp/\libhal_bsp.a(alt_instruction_exception_entry.o)
                                        0x5d7 (size before relaxing)
 .debug_str     0x0000000000000b47       0x3b ../nios2_sw_bsp/\libhal_bsp.a(altera_nios2_gen2_irq.o)
                                        0x193 (size before relaxing)
 .debug_str     0x0000000000000b82      0x1cc c:/intelfpga/18.0/nios2eds/bin/gnu/h-x86_64-mingw32/bin/../lib/gcc/nios2-elf/5.3.0/../../../../../H-x86_64-mingw32/nios2-elf/lib/mno-hw-mul/fstack-limit-register-et\libc.a(lib_a-atexit.o)
                                        0x271 (size before relaxing)
 .debug_str     0x0000000000000d4e      0x3f5 c:/intelfpga/18.0/nios2eds/bin/gnu/h-x86_64-mingw32/bin/../lib/gcc/nios2-elf/5.3.0/../../../../../H-x86_64-mingw32/nios2-elf/lib/mno-hw-mul/fstack-limit-register-et\libc.a(lib_a-exit.o)
                                        0x60e (size before relaxing)
 .debug_str     0x0000000000001143       0xf2 c:/intelfpga/18.0/nios2eds/bin/gnu/h-x86_64-mingw32/bin/../lib/gcc/nios2-elf/5.3.0/../../../../../H-x86_64-mingw32/nios2-elf/lib/mno-hw-mul/fstack-limit-register-et\libc.a(lib_a-impure.o)
                                        0x605 (size before relaxing)
 .debug_str     0x0000000000001235       0x42 c:/intelfpga/18.0/nios2eds/bin/gnu/h-x86_64-mingw32/bin/../lib/gcc/nios2-elf/5.3.0/../../../../../H-x86_64-mingw32/nios2-elf/lib/mno-hw-mul/fstack-limit-register-et\libc.a(lib_a-int_errno.o)
                                        0x22d (size before relaxing)
 .debug_str     0x0000000000001277       0x42 c:/intelfpga/18.0/nios2eds/bin/gnu/h-x86_64-mingw32/bin/../lib/gcc/nios2-elf/5.3.0/../../../../../H-x86_64-mingw32/nios2-elf/lib/mno-hw-mul/fstack-limit-register-et\libc.a(lib_a-__atexit.o)
                                        0x646 (size before relaxing)
 .debug_str     0x00000000000012b9       0x68 c:/intelfpga/18.0/nios2eds/bin/gnu/h-x86_64-mingw32/bin/../lib/gcc/nios2-elf/5.3.0/../../../../../H-x86_64-mingw32/nios2-elf/lib/mno-hw-mul/fstack-limit-register-et\libc.a(lib_a-__call_atexit.o)
                                        0x632 (size before relaxing)
 .debug_str     0x0000000000001321       0x2a ../nios2_sw_bsp/\libhal_bsp.a(alt_exit.o)
                                        0x188 (size before relaxing)

.debug_loc      0x0000000000000000      0x39d
 *(.debug_loc)
 .debug_loc     0x0000000000000000       0x2c c:/intelfpga/18.0/nios2eds/bin/gnu/h-x86_64-mingw32/bin/../lib/gcc/nios2-elf/5.3.0/../../../../../H-x86_64-mingw32/nios2-elf/lib/mno-hw-mul/fstack-limit-register-et\libc.a(lib_a-atexit.o)
 .debug_loc     0x000000000000002c       0x1e c:/intelfpga/18.0/nios2eds/bin/gnu/h-x86_64-mingw32/bin/../lib/gcc/nios2-elf/5.3.0/../../../../../H-x86_64-mingw32/nios2-elf/lib/mno-hw-mul/fstack-limit-register-et\libc.a(lib_a-exit.o)
 .debug_loc     0x000000000000004a      0x185 c:/intelfpga/18.0/nios2eds/bin/gnu/h-x86_64-mingw32/bin/../lib/gcc/nios2-elf/5.3.0/../../../../../H-x86_64-mingw32/nios2-elf/lib/mno-hw-mul/fstack-limit-register-et\libc.a(lib_a-__atexit.o)
 .debug_loc     0x00000000000001cf      0x1ce c:/intelfpga/18.0/nios2eds/bin/gnu/h-x86_64-mingw32/bin/../lib/gcc/nios2-elf/5.3.0/../../../../../H-x86_64-mingw32/nios2-elf/lib/mno-hw-mul/fstack-limit-register-et\libc.a(lib_a-__call_atexit.o)

.debug_macinfo
 *(.debug_macinfo)

.debug_weaknames
 *(.debug_weaknames)

.debug_funcnames
 *(.debug_funcnames)

.debug_typenames
 *(.debug_typenames)

.debug_varnames
 *(.debug_varnames)

.debug_alt_sim_info
                0x0000000000000000       0x10
 *(.debug_alt_sim_info)
 .debug_alt_sim_info
                0x0000000000000000       0x10 ../nios2_sw_bsp//obj/HAL/src/crt0.o
                0x0000000000039000                __alt_data_end = 0x39000
                0x0000000000039000                PROVIDE (__alt_stack_pointer, __alt_data_end)
                0x0000000000021a88                PROVIDE (__alt_stack_limit, __alt_stack_base)
                [!provide]                        PROVIDE (__alt_heap_start, end)
                [!provide]                        PROVIDE (__alt_heap_limit, 0x39000)
OUTPUT(nios2_sw.elf elf32-littlenios2)

.debug_ranges   0x0000000000000000      0x100
 .debug_ranges  0x0000000000000000       0x20 ../nios2_sw_bsp//obj/HAL/src/crt0.o
 .debug_ranges  0x0000000000000020       0x28 ../nios2_sw_bsp/\libhal_bsp.a(alt_irq_entry.o)
 .debug_ranges  0x0000000000000048       0x10 ../nios2_sw_bsp/\libhal_bsp.a(alt_irq_handler.o)
 .debug_ranges  0x0000000000000058       0x30 ../nios2_sw_bsp/\libhal_bsp.a(alt_exception_entry.o)
 .debug_ranges  0x0000000000000088       0x18 ../nios2_sw_bsp/\libhal_bsp.a(alt_instruction_exception_entry.o)
 .debug_ranges  0x00000000000000a0       0x10 c:/intelfpga/18.0/nios2eds/bin/gnu/h-x86_64-mingw32/bin/../lib/gcc/nios2-elf/5.3.0/../../../../../H-x86_64-mingw32/nios2-elf/lib/mno-hw-mul/fstack-limit-register-et\libc.a(lib_a-atexit.o)
 .debug_ranges  0x00000000000000b0       0x10 c:/intelfpga/18.0/nios2eds/bin/gnu/h-x86_64-mingw32/bin/../lib/gcc/nios2-elf/5.3.0/../../../../../H-x86_64-mingw32/nios2-elf/lib/mno-hw-mul/fstack-limit-register-et\libc.a(lib_a-exit.o)
 .debug_ranges  0x00000000000000c0       0x10 c:/intelfpga/18.0/nios2eds/bin/gnu/h-x86_64-mingw32/bin/../lib/gcc/nios2-elf/5.3.0/../../../../../H-x86_64-mingw32/nios2-elf/lib/mno-hw-mul/fstack-limit-register-et\libc.a(lib_a-__atexit.o)
 .debug_ranges  0x00000000000000d0       0x30 c:/intelfpga/18.0/nios2eds/bin/gnu/h-x86_64-mingw32/bin/../lib/gcc/nios2-elf/5.3.0/../../../../../H-x86_64-mingw32/nios2-elf/lib/mno-hw-mul/fstack-limit-register-et\libc.a(lib_a-__call_atexit.o)
