Archive member included to satisfy reference by file (symbol)

../nios2_sw_bsp/\libhal_bsp.a(alt_iic.o)
                              obj/default/max10_nios2_interrupt.o (alt_ic_isr_register)
../nios2_sw_bsp/\libhal_bsp.a(alt_iic_isr_register.o)
                              ../nios2_sw_bsp/\libhal_bsp.a(alt_iic.o) (alt_iic_isr_register)
../nios2_sw_bsp/\libhal_bsp.a(alt_irq_entry.o)
                              ../nios2_sw_bsp/\libhal_bsp.a(alt_iic_isr_register.o) (alt_irq_entry)
../nios2_sw_bsp/\libhal_bsp.a(alt_irq_handler.o)
                              ../nios2_sw_bsp/\libhal_bsp.a(alt_iic_isr_register.o) (alt_irq)
../nios2_sw_bsp/\libhal_bsp.a(alt_irq_vars.o)
                              ../nios2_sw_bsp/\libhal_bsp.a(alt_iic.o) (alt_irq_active)
../nios2_sw_bsp/\libhal_bsp.a(alt_load.o)
                              ../nios2_sw_bsp//obj/HAL/src/crt0.o (alt_load)
../nios2_sw_bsp/\libhal_bsp.a(alt_main.o)
                              ../nios2_sw_bsp//obj/HAL/src/crt0.o (alt_main)
../nios2_sw_bsp/\libhal_bsp.a(alt_sys_init.o)
                              ../nios2_sw_bsp/\libhal_bsp.a(alt_main.o) (alt_irq_init)
../nios2_sw_bsp/\libhal_bsp.a(alt_close.o)
                              ../nios2_sw_bsp/\libhal_bsp.a(alt_main.o) (close)
../nios2_sw_bsp/\libhal_bsp.a(alt_dcache_flush_all.o)
                              ../nios2_sw_bsp/\libhal_bsp.a(alt_load.o) (alt_dcache_flush_all)
../nios2_sw_bsp/\libhal_bsp.a(alt_dev.o)
                              ../nios2_sw_bsp/\libhal_bsp.a(alt_close.o) (alt_fd_list)
../nios2_sw_bsp/\libhal_bsp.a(alt_do_ctors.o)
                              ../nios2_sw_bsp/\libhal_bsp.a(alt_main.o) (_do_ctors)
../nios2_sw_bsp/\libhal_bsp.a(alt_do_dtors.o)
                              ../nios2_sw_bsp/\libhal_bsp.a(alt_main.o) (_do_dtors)
../nios2_sw_bsp/\libhal_bsp.a(alt_errno.o)
                              ../nios2_sw_bsp/\libhal_bsp.a(alt_close.o) (alt_errno)
../nios2_sw_bsp/\libhal_bsp.a(alt_exception_entry.o)
                              ../nios2_sw_bsp/\libhal_bsp.a(alt_irq_entry.o) (alt_exception)
../nios2_sw_bsp/\libhal_bsp.a(alt_icache_flush_all.o)
                              ../nios2_sw_bsp/\libhal_bsp.a(alt_load.o) (alt_icache_flush_all)
../nios2_sw_bsp/\libhal_bsp.a(alt_instruction_exception_entry.o)
                              ../nios2_sw_bsp/\libhal_bsp.a(alt_exception_entry.o) (alt_instruction_exception_entry)
../nios2_sw_bsp/\libhal_bsp.a(alt_release_fd.o)
                              ../nios2_sw_bsp/\libhal_bsp.a(alt_close.o) (alt_release_fd)
../nios2_sw_bsp/\libhal_bsp.a(altera_nios2_gen2_irq.o)
                              ../nios2_sw_bsp/\libhal_bsp.a(alt_sys_init.o) (altera_nios2_gen2_irq_init)
c:/intelfpga/18.0/nios2eds/bin/gnu/h-x86_64-mingw32/bin/../lib/gcc/nios2-elf/5.3.0/../../../../../H-x86_64-mingw32/nios2-elf/lib/mno-hw-mul\libc.a(lib_a-atexit.o)
                              ../nios2_sw_bsp/\libhal_bsp.a(alt_main.o) (atexit)
c:/intelfpga/18.0/nios2eds/bin/gnu/h-x86_64-mingw32/bin/../lib/gcc/nios2-elf/5.3.0/../../../../../H-x86_64-mingw32/nios2-elf/lib/mno-hw-mul\libc.a(lib_a-exit.o)
                              ../nios2_sw_bsp/\libhal_bsp.a(alt_main.o) (exit)
c:/intelfpga/18.0/nios2eds/bin/gnu/h-x86_64-mingw32/bin/../lib/gcc/nios2-elf/5.3.0/../../../../../H-x86_64-mingw32/nios2-elf/lib/mno-hw-mul\libc.a(lib_a-impure.o)
                              c:/intelfpga/18.0/nios2eds/bin/gnu/h-x86_64-mingw32/bin/../lib/gcc/nios2-elf/5.3.0/../../../../../H-x86_64-mingw32/nios2-elf/lib/mno-hw-mul\libc.a(lib_a-exit.o) (_global_impure_ptr)
c:/intelfpga/18.0/nios2eds/bin/gnu/h-x86_64-mingw32/bin/../lib/gcc/nios2-elf/5.3.0/../../../../../H-x86_64-mingw32/nios2-elf/lib/mno-hw-mul\libc.a(lib_a-int_errno.o)
                              ../nios2_sw_bsp/\libhal_bsp.a(alt_close.o) (errno)
c:/intelfpga/18.0/nios2eds/bin/gnu/h-x86_64-mingw32/bin/../lib/gcc/nios2-elf/5.3.0/../../../../../H-x86_64-mingw32/nios2-elf/lib/mno-hw-mul\libc.a(lib_a-__atexit.o)
                              c:/intelfpga/18.0/nios2eds/bin/gnu/h-x86_64-mingw32/bin/../lib/gcc/nios2-elf/5.3.0/../../../../../H-x86_64-mingw32/nios2-elf/lib/mno-hw-mul\libc.a(lib_a-atexit.o) (__register_exitproc)
c:/intelfpga/18.0/nios2eds/bin/gnu/h-x86_64-mingw32/bin/../lib/gcc/nios2-elf/5.3.0/../../../../../H-x86_64-mingw32/nios2-elf/lib/mno-hw-mul\libc.a(lib_a-__call_atexit.o)
                              c:/intelfpga/18.0/nios2eds/bin/gnu/h-x86_64-mingw32/bin/../lib/gcc/nios2-elf/5.3.0/../../../../../H-x86_64-mingw32/nios2-elf/lib/mno-hw-mul\libc.a(lib_a-exit.o) (__call_exitprocs)
c:/intelfpga/18.0/nios2eds/bin/gnu/h-x86_64-mingw32/bin/../lib/gcc/nios2-elf/5.3.0/mno-hw-mul\libgcc.a(lib2-mul.o)
                              ../nios2_sw_bsp/\libhal_bsp.a(alt_close.o) (__mulsi3)
../nios2_sw_bsp/\libhal_bsp.a(alt_exit.o)
                              c:/intelfpga/18.0/nios2eds/bin/gnu/h-x86_64-mingw32/bin/../lib/gcc/nios2-elf/5.3.0/../../../../../H-x86_64-mingw32/nios2-elf/lib/mno-hw-mul\libc.a(lib_a-exit.o) (_exit)

Allocating common symbols
Common symbol       size              file

alt_irq             0x100             ../nios2_sw_bsp/\libhal_bsp.a(alt_irq_handler.o)
edge_capture        0x4               obj/default/max10_nios2_interrupt.o
errno               0x4               c:/intelfpga/18.0/nios2eds/bin/gnu/h-x86_64-mingw32/bin/../lib/gcc/nios2-elf/5.3.0/../../../../../H-x86_64-mingw32/nios2-elf/lib/mno-hw-mul\libc.a(lib_a-int_errno.o)

Memory Configuration

Name             Origin             Length             Attributes
reset            0x0000000000020000 0x0000000000000020
RAM              0x0000000000020020 0x0000000000018fe0
ROM              0x0000000000041000 0x0000000000000040
*default*        0x0000000000000000 0xffffffffffffffff

Linker script and memory map

LOAD ../nios2_sw_bsp//obj/HAL/src/crt0.o
LOAD obj/default/max10_nios2_interrupt.o
LOAD c:/intelfpga/18.0/nios2eds/bin/gnu/h-x86_64-mingw32/bin/../lib/gcc/nios2-elf/5.3.0/../../../../../H-x86_64-mingw32/nios2-elf/lib/mno-hw-mul\libstdc++.a
LOAD c:/intelfpga/18.0/nios2eds/bin/gnu/h-x86_64-mingw32/bin/../lib/gcc/nios2-elf/5.3.0/../../../../../H-x86_64-mingw32/nios2-elf/lib/mno-hw-mul\libm.a
LOAD c:/intelfpga/18.0/nios2eds/bin/gnu/h-x86_64-mingw32/bin/../lib/gcc/nios2-elf/5.3.0/mno-hw-mul\libgcc.a
START GROUP
LOAD c:/intelfpga/18.0/nios2eds/bin/gnu/h-x86_64-mingw32/bin/../lib/gcc/nios2-elf/5.3.0/../../../../../H-x86_64-mingw32/nios2-elf/lib/mno-hw-mul\libc.a
LOAD c:/intelfpga/18.0/nios2eds/bin/gnu/h-x86_64-mingw32/bin/../lib/gcc/nios2-elf/5.3.0/mno-hw-mul\libgcc.a
LOAD ../nios2_sw_bsp/\libhal_bsp.a
LOAD c:/intelfpga/18.0/nios2eds/bin/gnu/h-x86_64-mingw32/bin/../lib/gcc/nios2-elf/5.3.0/../../../../../H-x86_64-mingw32/nios2-elf/lib/mno-hw-mul\libm.a
END GROUP
LOAD c:/intelfpga/18.0/nios2eds/bin/gnu/h-x86_64-mingw32/bin/../lib/gcc/nios2-elf/5.3.0/mno-hw-mul\libgcc.a
                0x0000000000020000                __alt_mem_RAM = 0x20000
                0x0000000000041000                __alt_mem_ROM = 0x41000

.entry          0x0000000000020000       0x20
 *(.entry)
 .entry         0x0000000000020000       0x20 ../nios2_sw_bsp//obj/HAL/src/crt0.o
                0x0000000000020000                __reset

.exceptions     0x0000000000020020      0x210
                0x0000000000020020                PROVIDE (__ram_exceptions_start, ABSOLUTE (.))
                0x0000000000020020                . = ALIGN (0x20)
 *(.irq)
 *(.exceptions.entry.label)
 .exceptions.entry.label
                0x0000000000020020        0x0 ../nios2_sw_bsp/\libhal_bsp.a(alt_irq_entry.o)
                0x0000000000020020                alt_irq_entry
 .exceptions.entry.label
                0x0000000000020020        0x0 ../nios2_sw_bsp/\libhal_bsp.a(alt_exception_entry.o)
                0x0000000000020020                alt_exception
 *(.exceptions.entry.user)
 *(.exceptions.entry.ecc_fatal)
 *(.exceptions.entry)
 .exceptions.entry
                0x0000000000020020       0x54 ../nios2_sw_bsp/\libhal_bsp.a(alt_exception_entry.o)
 *(.exceptions.irqtest.user)
 *(.exceptions.irqtest)
 .exceptions.irqtest
                0x0000000000020074       0x10 ../nios2_sw_bsp/\libhal_bsp.a(alt_irq_entry.o)
 *(.exceptions.irqhandler.user)
 *(.exceptions.irqhandler)
 .exceptions.irqhandler
                0x0000000000020084        0x4 ../nios2_sw_bsp/\libhal_bsp.a(alt_irq_entry.o)
 *(.exceptions.irqreturn.user)
 *(.exceptions.irqreturn)
 .exceptions.irqreturn
                0x0000000000020088        0x4 ../nios2_sw_bsp/\libhal_bsp.a(alt_irq_entry.o)
 *(.exceptions.notirq.label)
 .exceptions.notirq.label
                0x000000000002008c        0x0 ../nios2_sw_bsp/\libhal_bsp.a(alt_irq_entry.o)
 *(.exceptions.notirq.user)
 *(.exceptions.notirq)
 .exceptions.notirq
                0x000000000002008c        0x8 ../nios2_sw_bsp/\libhal_bsp.a(alt_exception_entry.o)
 *(.exceptions.soft.user)
 *(.exceptions.soft)
 *(.exceptions.unknown.user)
 *(.exceptions.unknown)
 .exceptions.unknown
                0x0000000000020094       0x14 ../nios2_sw_bsp/\libhal_bsp.a(alt_exception_entry.o)
 *(.exceptions.exit.label)
 .exceptions.exit.label
                0x00000000000200a8        0x0 ../nios2_sw_bsp/\libhal_bsp.a(alt_irq_entry.o)
 .exceptions.exit.label
                0x00000000000200a8        0x0 ../nios2_sw_bsp/\libhal_bsp.a(alt_exception_entry.o)
 *(.exceptions.exit.user)
 *(.exceptions.exit)
 .exceptions.exit
                0x00000000000200a8       0x54 ../nios2_sw_bsp/\libhal_bsp.a(alt_exception_entry.o)
 *(.exceptions)
 .exceptions    0x00000000000200fc       0xd4 ../nios2_sw_bsp/\libhal_bsp.a(alt_irq_handler.o)
                0x00000000000200fc                alt_irq_handler
 .exceptions    0x00000000000201d0       0x60 ../nios2_sw_bsp/\libhal_bsp.a(alt_instruction_exception_entry.o)
                0x00000000000201d0                alt_instruction_exception_entry
                0x0000000000020230                PROVIDE (__ram_exceptions_end, ABSOLUTE (.))
                0x0000000000020020                PROVIDE (__flash_exceptions_start, LOADADDR (.exceptions))

.text           0x0000000000020230      0xda0
                [!provide]                        PROVIDE (stext, ABSOLUTE (.))
 *(.interp)
 *(.hash)
 *(.dynsym)
 *(.dynstr)
 *(.gnu.version)
 *(.gnu.version_d)
 *(.gnu.version_r)
 *(.rel.init)
 *(.rela.init)
 *(.rel.text .rel.text.* .rel.gnu.linkonce.t.*)
 *(.rela.text .rela.text.* .rela.gnu.linkonce.t.*)
 *(.rel.fini)
 *(.rela.fini)
 *(.rel.rodata .rel.rodata.* .rel.gnu.linkonce.r.*)
 *(.rela.rodata .rela.rodata.* .rela.gnu.linkonce.r.*)
 *(.rel.data .rel.data.* .rel.gnu.linkonce.d.*)
 *(.rela.data .rela.data.* .rela.gnu.linkonce.d.*)
 *(.rel.tdata .rel.tdata.* .rel.gnu.linkonce.td.*)
 *(.rela.tdata .rela.tdata.* .rela.gnu.linkonce.td.*)
 *(.rel.tbss .rel.tbss.* .rel.gnu.linkonce.tb.*)
 *(.rela.tbss .rela.tbss.* .rela.gnu.linkonce.tb.*)
 *(.rel.ctors)
 *(.rela.ctors)
 *(.rel.dtors)
 *(.rela.dtors)
 *(.rel.got)
 *(.rela.got)
 *(.rel.sdata .rel.sdata.* .rel.gnu.linkonce.s.*)
 *(.rela.sdata .rela.sdata.* .rela.gnu.linkonce.s.*)
 *(.rel.sbss .rel.sbss.* .rel.gnu.linkonce.sb.*)
 *(.rela.sbss .rela.sbss.* .rela.gnu.linkonce.sb.*)
 *(.rel.sdata2 .rel.sdata2.* .rel.gnu.linkonce.s2.*)
 *(.rela.sdata2 .rela.sdata2.* .rela.gnu.linkonce.s2.*)
 *(.rel.sbss2 .rel.sbss2.* .rel.gnu.linkonce.sb2.*)
 *(.rela.sbss2 .rela.sbss2.* .rela.gnu.linkonce.sb2.*)
 *(.rel.bss .rel.bss.* .rel.gnu.linkonce.b.*)
 *(.rela.bss .rela.bss.* .rela.gnu.linkonce.b.*)
 *(.rel.plt)
 *(.rela.plt)
 *(.rel.dyn)
 *(.init)
 *(.plt)
 *(.text .stub .text.* .gnu.linkonce.t.*)
 .text          0x0000000000020230       0x3c ../nios2_sw_bsp//obj/HAL/src/crt0.o
                0x0000000000020230                _start
 .text          0x000000000002026c      0x25c obj/default/max10_nios2_interrupt.o
                0x000000000002026c                myISR
                0x00000000000202ec                resetHEX
                0x0000000000020434                main
 .text          0x00000000000204c8      0x1b0 ../nios2_sw_bsp/\libhal_bsp.a(alt_iic.o)
                0x00000000000204c8                alt_ic_isr_register
                0x0000000000020518                alt_ic_irq_enable
                0x00000000000205a0                alt_ic_irq_disable
                0x000000000002062c                alt_ic_irq_enabled
 .text          0x0000000000020678       0xf0 ../nios2_sw_bsp/\libhal_bsp.a(alt_iic_isr_register.o)
                0x0000000000020678                alt_iic_isr_register
 .text          0x0000000000020768        0x0 ../nios2_sw_bsp/\libhal_bsp.a(alt_irq_entry.o)
 .text          0x0000000000020768        0x0 ../nios2_sw_bsp/\libhal_bsp.a(alt_irq_handler.o)
 .text          0x0000000000020768        0x0 ../nios2_sw_bsp/\libhal_bsp.a(alt_irq_vars.o)
 .text          0x0000000000020768       0xec ../nios2_sw_bsp/\libhal_bsp.a(alt_load.o)
                0x00000000000207d0                alt_load
 .text          0x0000000000020854       0x60 ../nios2_sw_bsp/\libhal_bsp.a(alt_main.o)
                0x0000000000020854                alt_main
 .text          0x00000000000208b4       0x58 ../nios2_sw_bsp/\libhal_bsp.a(alt_sys_init.o)
                0x00000000000208b4                alt_irq_init
                0x00000000000208ec                alt_sys_init
 .text          0x000000000002090c      0x114 ../nios2_sw_bsp/\libhal_bsp.a(alt_close.o)
                0x0000000000020948                close
 .text          0x0000000000020a20       0x20 ../nios2_sw_bsp/\libhal_bsp.a(alt_dcache_flush_all.o)
                0x0000000000020a20                alt_dcache_flush_all
 .text          0x0000000000020a40       0x2c ../nios2_sw_bsp/\libhal_bsp.a(alt_dev.o)
 .text          0x0000000000020a6c       0x60 ../nios2_sw_bsp/\libhal_bsp.a(alt_do_ctors.o)
                0x0000000000020a6c                _do_ctors
 .text          0x0000000000020acc       0x60 ../nios2_sw_bsp/\libhal_bsp.a(alt_do_dtors.o)
                0x0000000000020acc                _do_dtors
 .text          0x0000000000020b2c        0x0 ../nios2_sw_bsp/\libhal_bsp.a(alt_errno.o)
 .text          0x0000000000020b2c        0x0 ../nios2_sw_bsp/\libhal_bsp.a(alt_exception_entry.o)
 .text          0x0000000000020b2c       0x20 ../nios2_sw_bsp/\libhal_bsp.a(alt_icache_flush_all.o)
                0x0000000000020b2c                alt_icache_flush_all
 .text          0x0000000000020b4c       0x9c ../nios2_sw_bsp/\libhal_bsp.a(alt_instruction_exception_entry.o)
                0x0000000000020b4c                alt_exception_cause_generated_bad_addr
 .text          0x0000000000020be8       0x84 ../nios2_sw_bsp/\libhal_bsp.a(alt_release_fd.o)
                0x0000000000020be8                alt_release_fd
 .text          0x0000000000020c6c       0x24 ../nios2_sw_bsp/\libhal_bsp.a(altera_nios2_gen2_irq.o)
                0x0000000000020c6c                altera_nios2_gen2_irq_init
 .text          0x0000000000020c90        0x0 c:/intelfpga/18.0/nios2eds/bin/gnu/h-x86_64-mingw32/bin/../lib/gcc/nios2-elf/5.3.0/../../../../../H-x86_64-mingw32/nios2-elf/lib/mno-hw-mul\libc.a(lib_a-atexit.o)
 .text.atexit   0x0000000000020c90       0x14 c:/intelfpga/18.0/nios2eds/bin/gnu/h-x86_64-mingw32/bin/../lib/gcc/nios2-elf/5.3.0/../../../../../H-x86_64-mingw32/nios2-elf/lib/mno-hw-mul\libc.a(lib_a-atexit.o)
                0x0000000000020c90                atexit
 .text          0x0000000000020ca4        0x0 c:/intelfpga/18.0/nios2eds/bin/gnu/h-x86_64-mingw32/bin/../lib/gcc/nios2-elf/5.3.0/../../../../../H-x86_64-mingw32/nios2-elf/lib/mno-hw-mul\libc.a(lib_a-exit.o)
 .text.exit     0x0000000000020ca4       0x38 c:/intelfpga/18.0/nios2eds/bin/gnu/h-x86_64-mingw32/bin/../lib/gcc/nios2-elf/5.3.0/../../../../../H-x86_64-mingw32/nios2-elf/lib/mno-hw-mul\libc.a(lib_a-exit.o)
                0x0000000000020ca4                exit
 .text          0x0000000000020cdc        0x0 c:/intelfpga/18.0/nios2eds/bin/gnu/h-x86_64-mingw32/bin/../lib/gcc/nios2-elf/5.3.0/../../../../../H-x86_64-mingw32/nios2-elf/lib/mno-hw-mul\libc.a(lib_a-impure.o)
 .text          0x0000000000020cdc        0x0 c:/intelfpga/18.0/nios2eds/bin/gnu/h-x86_64-mingw32/bin/../lib/gcc/nios2-elf/5.3.0/../../../../../H-x86_64-mingw32/nios2-elf/lib/mno-hw-mul\libc.a(lib_a-int_errno.o)
 .text          0x0000000000020cdc        0x0 c:/intelfpga/18.0/nios2eds/bin/gnu/h-x86_64-mingw32/bin/../lib/gcc/nios2-elf/5.3.0/../../../../../H-x86_64-mingw32/nios2-elf/lib/mno-hw-mul\libc.a(lib_a-__atexit.o)
 .text.__register_exitproc
                0x0000000000020cdc      0x118 c:/intelfpga/18.0/nios2eds/bin/gnu/h-x86_64-mingw32/bin/../lib/gcc/nios2-elf/5.3.0/../../../../../H-x86_64-mingw32/nios2-elf/lib/mno-hw-mul\libc.a(lib_a-__atexit.o)
                0x0000000000020cdc                __register_exitproc
 .text          0x0000000000020df4        0x0 c:/intelfpga/18.0/nios2eds/bin/gnu/h-x86_64-mingw32/bin/../lib/gcc/nios2-elf/5.3.0/../../../../../H-x86_64-mingw32/nios2-elf/lib/mno-hw-mul\libc.a(lib_a-__call_atexit.o)
 .text.__call_exitprocs
                0x0000000000020df4      0x180 c:/intelfpga/18.0/nios2eds/bin/gnu/h-x86_64-mingw32/bin/../lib/gcc/nios2-elf/5.3.0/../../../../../H-x86_64-mingw32/nios2-elf/lib/mno-hw-mul\libc.a(lib_a-__call_atexit.o)
                0x0000000000020df4                __call_exitprocs
 .text          0x0000000000020f74       0x28 c:/intelfpga/18.0/nios2eds/bin/gnu/h-x86_64-mingw32/bin/../lib/gcc/nios2-elf/5.3.0/mno-hw-mul\libgcc.a(lib2-mul.o)
                0x0000000000020f74                __mulsi3
 .text          0x0000000000020f9c       0x34 ../nios2_sw_bsp/\libhal_bsp.a(alt_exit.o)
                0x0000000000020f9c                _exit
 *(.gnu.warning.*)
 *(.fini)
                [!provide]                        PROVIDE (__etext, ABSOLUTE (.))
                [!provide]                        PROVIDE (_etext, ABSOLUTE (.))
                [!provide]                        PROVIDE (etext, ABSOLUTE (.))
 *(.eh_frame_hdr)
                0x0000000000020fd0                . = ALIGN (0x4)
                [!provide]                        PROVIDE (__preinit_array_start, ABSOLUTE (.))
 *(.preinit_array)
                [!provide]                        PROVIDE (__preinit_array_end, ABSOLUTE (.))
                [!provide]                        PROVIDE (__init_array_start, ABSOLUTE (.))
 *(.init_array)
                [!provide]                        PROVIDE (__init_array_end, ABSOLUTE (.))
                [!provide]                        PROVIDE (__fini_array_start, ABSOLUTE (.))
 *(.fini_array)
                [!provide]                        PROVIDE (__fini_array_end, ABSOLUTE (.))
 *(.eh_frame)
 *(.gcc_except_table .gcc_except_table.*)
 *(.dynamic)
                0x0000000000020fd0                PROVIDE (__CTOR_LIST__, ABSOLUTE (.))
 *(.ctors)
 *(SORT(.ctors.*))
                0x0000000000020fd0                PROVIDE (__CTOR_END__, ABSOLUTE (.))
                0x0000000000020fd0                PROVIDE (__DTOR_LIST__, ABSOLUTE (.))
 *(.dtors)
 *(SORT(.dtors.*))
                0x0000000000020fd0                PROVIDE (__DTOR_END__, ABSOLUTE (.))
 *(.jcr)
                0x0000000000020fd0                . = ALIGN (0x4)

.rodata         0x0000000000020fd0       0x10
                0x0000000000020fd0                PROVIDE (__ram_rodata_start, ABSOLUTE (.))
                0x0000000000020fd0                . = ALIGN (0x4)
 *(.rodata .rodata.* .gnu.linkonce.r.*)
 .rodata        0x0000000000020fd0        0xa ../nios2_sw_bsp/\libhal_bsp.a(alt_dev.o)
 *fill*         0x0000000000020fda        0x2 
 .rodata.str1.4
                0x0000000000020fdc        0x4 c:/intelfpga/18.0/nios2eds/bin/gnu/h-x86_64-mingw32/bin/../lib/gcc/nios2-elf/5.3.0/../../../../../H-x86_64-mingw32/nios2-elf/lib/mno-hw-mul\libc.a(lib_a-impure.o)
                                          0x2 (size before relaxing)
 *(.rodata1)
                0x0000000000020fe0                . = ALIGN (0x4)
                0x0000000000020fe0                PROVIDE (__ram_rodata_end, ABSOLUTE (.))
                0x0000000000020fd0                PROVIDE (__flash_rodata_start, LOADADDR (.rodata))

.rwdata         0x0000000000020fe0      0x5f0 load address 0x00000000000215d0
                0x0000000000020fe0                PROVIDE (__ram_rwdata_start, ABSOLUTE (.))
                0x0000000000020fe0                . = ALIGN (0x4)
 *(.got.plt)
 *(.got)
 *(.data1)
 *(.data .data.* .gnu.linkonce.d.*)
 .data          0x0000000000020fe0        0x0 ../nios2_sw_bsp//obj/HAL/src/crt0.o
 .data          0x0000000000020fe0        0x0 obj/default/max10_nios2_interrupt.o
 .data          0x0000000000020fe0        0x0 ../nios2_sw_bsp/\libhal_bsp.a(alt_iic.o)
 .data          0x0000000000020fe0        0x0 ../nios2_sw_bsp/\libhal_bsp.a(alt_iic_isr_register.o)
 .data          0x0000000000020fe0        0x0 ../nios2_sw_bsp/\libhal_bsp.a(alt_irq_entry.o)
 .data          0x0000000000020fe0        0x0 ../nios2_sw_bsp/\libhal_bsp.a(alt_irq_handler.o)
 .data          0x0000000000020fe0        0x0 ../nios2_sw_bsp/\libhal_bsp.a(alt_irq_vars.o)
 .data          0x0000000000020fe0        0x0 ../nios2_sw_bsp/\libhal_bsp.a(alt_load.o)
 .data          0x0000000000020fe0        0x0 ../nios2_sw_bsp/\libhal_bsp.a(alt_main.o)
 .data          0x0000000000020fe0        0x0 ../nios2_sw_bsp/\libhal_bsp.a(alt_sys_init.o)
 .data          0x0000000000020fe0        0x0 ../nios2_sw_bsp/\libhal_bsp.a(alt_close.o)
 .data          0x0000000000020fe0        0x0 ../nios2_sw_bsp/\libhal_bsp.a(alt_dcache_flush_all.o)
 .data          0x0000000000020fe0      0x1a8 ../nios2_sw_bsp/\libhal_bsp.a(alt_dev.o)
                0x0000000000020fe0                alt_dev_null
                0x0000000000021008                alt_fd_list
 .data          0x0000000000021188        0x0 ../nios2_sw_bsp/\libhal_bsp.a(alt_do_ctors.o)
 .data          0x0000000000021188        0x0 ../nios2_sw_bsp/\libhal_bsp.a(alt_do_dtors.o)
 .data          0x0000000000021188        0x0 ../nios2_sw_bsp/\libhal_bsp.a(alt_errno.o)
 .data          0x0000000000021188        0x0 ../nios2_sw_bsp/\libhal_bsp.a(alt_exception_entry.o)
 .data          0x0000000000021188        0x0 ../nios2_sw_bsp/\libhal_bsp.a(alt_icache_flush_all.o)
 .data          0x0000000000021188        0x0 ../nios2_sw_bsp/\libhal_bsp.a(alt_instruction_exception_entry.o)
 .data          0x0000000000021188        0x0 ../nios2_sw_bsp/\libhal_bsp.a(alt_release_fd.o)
 .data          0x0000000000021188        0x0 ../nios2_sw_bsp/\libhal_bsp.a(altera_nios2_gen2_irq.o)
 .data          0x0000000000021188        0x0 c:/intelfpga/18.0/nios2eds/bin/gnu/h-x86_64-mingw32/bin/../lib/gcc/nios2-elf/5.3.0/../../../../../H-x86_64-mingw32/nios2-elf/lib/mno-hw-mul\libc.a(lib_a-atexit.o)
 .data          0x0000000000021188        0x0 c:/intelfpga/18.0/nios2eds/bin/gnu/h-x86_64-mingw32/bin/../lib/gcc/nios2-elf/5.3.0/../../../../../H-x86_64-mingw32/nios2-elf/lib/mno-hw-mul\libc.a(lib_a-exit.o)
 .data          0x0000000000021188        0x0 c:/intelfpga/18.0/nios2eds/bin/gnu/h-x86_64-mingw32/bin/../lib/gcc/nios2-elf/5.3.0/../../../../../H-x86_64-mingw32/nios2-elf/lib/mno-hw-mul\libc.a(lib_a-impure.o)
 .data.impure_data
                0x0000000000021188      0x424 c:/intelfpga/18.0/nios2eds/bin/gnu/h-x86_64-mingw32/bin/../lib/gcc/nios2-elf/5.3.0/../../../../../H-x86_64-mingw32/nios2-elf/lib/mno-hw-mul\libc.a(lib_a-impure.o)
 .data          0x00000000000215ac        0x0 c:/intelfpga/18.0/nios2eds/bin/gnu/h-x86_64-mingw32/bin/../lib/gcc/nios2-elf/5.3.0/../../../../../H-x86_64-mingw32/nios2-elf/lib/mno-hw-mul\libc.a(lib_a-int_errno.o)
 .data          0x00000000000215ac        0x0 c:/intelfpga/18.0/nios2eds/bin/gnu/h-x86_64-mingw32/bin/../lib/gcc/nios2-elf/5.3.0/../../../../../H-x86_64-mingw32/nios2-elf/lib/mno-hw-mul\libc.a(lib_a-__atexit.o)
 .data          0x00000000000215ac        0x0 c:/intelfpga/18.0/nios2eds/bin/gnu/h-x86_64-mingw32/bin/../lib/gcc/nios2-elf/5.3.0/../../../../../H-x86_64-mingw32/nios2-elf/lib/mno-hw-mul\libc.a(lib_a-__call_atexit.o)
 .data          0x00000000000215ac        0x0 c:/intelfpga/18.0/nios2eds/bin/gnu/h-x86_64-mingw32/bin/../lib/gcc/nios2-elf/5.3.0/mno-hw-mul\libgcc.a(lib2-mul.o)
 .data          0x00000000000215ac        0x0 ../nios2_sw_bsp/\libhal_bsp.a(alt_exit.o)
                0x00000000000295ac                _gp = ABSOLUTE ((. + 0x8000))
                [!provide]                        PROVIDE (gp, _gp)
 *(.rwdata .rwdata.*)
 *(.sdata .sdata.* .gnu.linkonce.s.*)
 .sdata         0x00000000000215ac        0x4 ../nios2_sw_bsp/\libhal_bsp.a(alt_irq_vars.o)
                0x00000000000215ac                alt_priority_mask
 .sdata         0x00000000000215b0       0x14 ../nios2_sw_bsp/\libhal_bsp.a(alt_dev.o)
                0x00000000000215b0                alt_fs_list
                0x00000000000215b8                alt_dev_list
                0x00000000000215c0                alt_max_fd
 .sdata         0x00000000000215c4        0x4 ../nios2_sw_bsp/\libhal_bsp.a(alt_errno.o)
                0x00000000000215c4                alt_errno
 .sdata._global_impure_ptr
                0x00000000000215c8        0x4 c:/intelfpga/18.0/nios2eds/bin/gnu/h-x86_64-mingw32/bin/../lib/gcc/nios2-elf/5.3.0/../../../../../H-x86_64-mingw32/nios2-elf/lib/mno-hw-mul\libc.a(lib_a-impure.o)
                0x00000000000215c8                _global_impure_ptr
 .sdata._impure_ptr
                0x00000000000215cc        0x4 c:/intelfpga/18.0/nios2eds/bin/gnu/h-x86_64-mingw32/bin/../lib/gcc/nios2-elf/5.3.0/../../../../../H-x86_64-mingw32/nios2-elf/lib/mno-hw-mul\libc.a(lib_a-impure.o)
                0x00000000000215cc                _impure_ptr
 *(.sdata2 .sdata2.* .gnu.linkonce.s2.*)
                0x00000000000215d0                . = ALIGN (0x4)
                0x00000000000215d0                _edata = ABSOLUTE (.)
                [!provide]                        PROVIDE (edata, ABSOLUTE (.))
                0x00000000000215d0                PROVIDE (__ram_rwdata_end, ABSOLUTE (.))
                0x00000000000215d0                PROVIDE (__flash_rwdata_start, LOADADDR (.rwdata))

.bss            0x0000000000021bc0      0x11c
                0x0000000000021bc0                __bss_start = ABSOLUTE (.)
                [!provide]                        PROVIDE (__sbss_start, ABSOLUTE (.))
                [!provide]                        PROVIDE (___sbss_start, ABSOLUTE (.))
 *(.dynsbss)
 *(.sbss .sbss.* .gnu.linkonce.sb.*)
 .sbss          0x0000000000021bc0        0x4 obj/default/max10_nios2_interrupt.o
                0x0000000000021bc0                edge_capture
 .sbss          0x0000000000021bc4        0x4 ../nios2_sw_bsp/\libhal_bsp.a(alt_irq_vars.o)
                0x0000000000021bc4                alt_irq_active
 .sbss          0x0000000000021bc8        0xc ../nios2_sw_bsp/\libhal_bsp.a(alt_main.o)
                0x0000000000021bc8                alt_argc
                0x0000000000021bcc                alt_argv
                0x0000000000021bd0                alt_envp
 .sbss          0x0000000000021bd4        0x4 ../nios2_sw_bsp/\libhal_bsp.a(alt_instruction_exception_entry.o)
                0x0000000000021bd4                alt_instruction_exception_handler
 .sbss          0x0000000000021bd8        0x4 c:/intelfpga/18.0/nios2eds/bin/gnu/h-x86_64-mingw32/bin/../lib/gcc/nios2-elf/5.3.0/../../../../../H-x86_64-mingw32/nios2-elf/lib/mno-hw-mul\libc.a(lib_a-int_errno.o)
                0x0000000000021bd8                errno
 *(.sbss2 .sbss2.* .gnu.linkonce.sb2.*)
 *(.scommon)
                [!provide]                        PROVIDE (__sbss_end, ABSOLUTE (.))
                [!provide]                        PROVIDE (___sbss_end, ABSOLUTE (.))
 *(.dynbss)
 *(.bss .bss.* .gnu.linkonce.b.*)
 .bss           0x0000000000021bdc        0x0 ../nios2_sw_bsp//obj/HAL/src/crt0.o
 .bss           0x0000000000021bdc        0x0 obj/default/max10_nios2_interrupt.o
 .bss           0x0000000000021bdc        0x0 ../nios2_sw_bsp/\libhal_bsp.a(alt_iic.o)
 .bss           0x0000000000021bdc        0x0 ../nios2_sw_bsp/\libhal_bsp.a(alt_iic_isr_register.o)
 .bss           0x0000000000021bdc        0x0 ../nios2_sw_bsp/\libhal_bsp.a(alt_irq_entry.o)
 .bss           0x0000000000021bdc        0x0 ../nios2_sw_bsp/\libhal_bsp.a(alt_irq_handler.o)
 .bss           0x0000000000021bdc        0x0 ../nios2_sw_bsp/\libhal_bsp.a(alt_irq_vars.o)
 .bss           0x0000000000021bdc        0x0 ../nios2_sw_bsp/\libhal_bsp.a(alt_load.o)
 .bss           0x0000000000021bdc        0x0 ../nios2_sw_bsp/\libhal_bsp.a(alt_main.o)
 .bss           0x0000000000021bdc        0x0 ../nios2_sw_bsp/\libhal_bsp.a(alt_sys_init.o)
 .bss           0x0000000000021bdc        0x0 ../nios2_sw_bsp/\libhal_bsp.a(alt_close.o)
 .bss           0x0000000000021bdc        0x0 ../nios2_sw_bsp/\libhal_bsp.a(alt_dcache_flush_all.o)
 .bss           0x0000000000021bdc        0x0 ../nios2_sw_bsp/\libhal_bsp.a(alt_dev.o)
 .bss           0x0000000000021bdc        0x0 ../nios2_sw_bsp/\libhal_bsp.a(alt_do_ctors.o)
 .bss           0x0000000000021bdc        0x0 ../nios2_sw_bsp/\libhal_bsp.a(alt_do_dtors.o)
 .bss           0x0000000000021bdc        0x0 ../nios2_sw_bsp/\libhal_bsp.a(alt_errno.o)
 .bss           0x0000000000021bdc        0x0 ../nios2_sw_bsp/\libhal_bsp.a(alt_exception_entry.o)
 .bss           0x0000000000021bdc        0x0 ../nios2_sw_bsp/\libhal_bsp.a(alt_icache_flush_all.o)
 .bss           0x0000000000021bdc        0x0 ../nios2_sw_bsp/\libhal_bsp.a(alt_instruction_exception_entry.o)
 .bss           0x0000000000021bdc        0x0 ../nios2_sw_bsp/\libhal_bsp.a(alt_release_fd.o)
 .bss           0x0000000000021bdc        0x0 ../nios2_sw_bsp/\libhal_bsp.a(altera_nios2_gen2_irq.o)
 .bss           0x0000000000021bdc        0x0 c:/intelfpga/18.0/nios2eds/bin/gnu/h-x86_64-mingw32/bin/../lib/gcc/nios2-elf/5.3.0/../../../../../H-x86_64-mingw32/nios2-elf/lib/mno-hw-mul\libc.a(lib_a-atexit.o)
 .bss           0x0000000000021bdc        0x0 c:/intelfpga/18.0/nios2eds/bin/gnu/h-x86_64-mingw32/bin/../lib/gcc/nios2-elf/5.3.0/../../../../../H-x86_64-mingw32/nios2-elf/lib/mno-hw-mul\libc.a(lib_a-exit.o)
 .bss           0x0000000000021bdc        0x0 c:/intelfpga/18.0/nios2eds/bin/gnu/h-x86_64-mingw32/bin/../lib/gcc/nios2-elf/5.3.0/../../../../../H-x86_64-mingw32/nios2-elf/lib/mno-hw-mul\libc.a(lib_a-impure.o)
 .bss           0x0000000000021bdc        0x0 c:/intelfpga/18.0/nios2eds/bin/gnu/h-x86_64-mingw32/bin/../lib/gcc/nios2-elf/5.3.0/../../../../../H-x86_64-mingw32/nios2-elf/lib/mno-hw-mul\libc.a(lib_a-int_errno.o)
 .bss           0x0000000000021bdc        0x0 c:/intelfpga/18.0/nios2eds/bin/gnu/h-x86_64-mingw32/bin/../lib/gcc/nios2-elf/5.3.0/../../../../../H-x86_64-mingw32/nios2-elf/lib/mno-hw-mul\libc.a(lib_a-__atexit.o)
 .bss           0x0000000000021bdc        0x0 c:/intelfpga/18.0/nios2eds/bin/gnu/h-x86_64-mingw32/bin/../lib/gcc/nios2-elf/5.3.0/../../../../../H-x86_64-mingw32/nios2-elf/lib/mno-hw-mul\libc.a(lib_a-__call_atexit.o)
 .bss           0x0000000000021bdc        0x0 c:/intelfpga/18.0/nios2eds/bin/gnu/h-x86_64-mingw32/bin/../lib/gcc/nios2-elf/5.3.0/mno-hw-mul\libgcc.a(lib2-mul.o)
 .bss           0x0000000000021bdc        0x0 ../nios2_sw_bsp/\libhal_bsp.a(alt_exit.o)
 *(COMMON)
 COMMON         0x0000000000021bdc      0x100 ../nios2_sw_bsp/\libhal_bsp.a(alt_irq_handler.o)
                0x0000000000021bdc                alt_irq
                0x0000000000021cdc                . = ALIGN (0x4)
                0x0000000000021cdc                __bss_end = ABSOLUTE (.)

.RAM            0x0000000000021cdc        0x0
                [!provide]                        PROVIDE (_alt_partition_RAM_start, ABSOLUTE (.))
 *(.RAM .RAM. RAM.*)
                0x0000000000021cdc                . = ALIGN (0x4)
                [!provide]                        PROVIDE (_alt_partition_RAM_end, ABSOLUTE (.))
                0x0000000000021cdc                _end = ABSOLUTE (.)
                0x0000000000021cdc                end = ABSOLUTE (.)
                0x0000000000021cdc                __alt_stack_base = ABSOLUTE (.)
                [!provide]                        PROVIDE (_alt_partition_RAM_load_addr, LOADADDR (.RAM))

.ROM            0x0000000000041000        0x0 load address 0x0000000000021cdc
                [!provide]                        PROVIDE (_alt_partition_ROM_start, ABSOLUTE (.))
 *(.ROM .ROM. ROM.*)
                0x0000000000041000                . = ALIGN (0x4)
                [!provide]                        PROVIDE (_alt_partition_ROM_end, ABSOLUTE (.))
                [!provide]                        PROVIDE (_alt_partition_ROM_load_addr, LOADADDR (.ROM))

.stab
 *(.stab)

.stabstr
 *(.stabstr)

.stab.excl
 *(.stab.excl)

.stab.exclstr
 *(.stab.exclstr)

.stab.index
 *(.stab.index)

.stab.indexstr
 *(.stab.indexstr)

.comment        0x0000000000000000       0x23
 *(.comment)
 .comment       0x0000000000000000       0x23 obj/default/max10_nios2_interrupt.o
                                         0x24 (size before relaxing)
 .comment       0x0000000000000023       0x24 ../nios2_sw_bsp/\libhal_bsp.a(alt_iic.o)
 .comment       0x0000000000000023       0x24 ../nios2_sw_bsp/\libhal_bsp.a(alt_iic_isr_register.o)
 .comment       0x0000000000000023       0x24 ../nios2_sw_bsp/\libhal_bsp.a(alt_irq_handler.o)
 .comment       0x0000000000000023       0x24 ../nios2_sw_bsp/\libhal_bsp.a(alt_irq_vars.o)
 .comment       0x0000000000000023       0x24 ../nios2_sw_bsp/\libhal_bsp.a(alt_load.o)
 .comment       0x0000000000000023       0x24 ../nios2_sw_bsp/\libhal_bsp.a(alt_main.o)
 .comment       0x0000000000000023       0x24 ../nios2_sw_bsp/\libhal_bsp.a(alt_sys_init.o)
 .comment       0x0000000000000023       0x24 ../nios2_sw_bsp/\libhal_bsp.a(alt_close.o)
 .comment       0x0000000000000023       0x24 ../nios2_sw_bsp/\libhal_bsp.a(alt_dcache_flush_all.o)
 .comment       0x0000000000000023       0x24 ../nios2_sw_bsp/\libhal_bsp.a(alt_dev.o)
 .comment       0x0000000000000023       0x24 ../nios2_sw_bsp/\libhal_bsp.a(alt_do_ctors.o)
 .comment       0x0000000000000023       0x24 ../nios2_sw_bsp/\libhal_bsp.a(alt_do_dtors.o)
 .comment       0x0000000000000023       0x24 ../nios2_sw_bsp/\libhal_bsp.a(alt_errno.o)
 .comment       0x0000000000000023       0x24 ../nios2_sw_bsp/\libhal_bsp.a(alt_icache_flush_all.o)
 .comment       0x0000000000000023       0x24 ../nios2_sw_bsp/\libhal_bsp.a(alt_instruction_exception_entry.o)
 .comment       0x0000000000000023       0x24 ../nios2_sw_bsp/\libhal_bsp.a(alt_release_fd.o)
 .comment       0x0000000000000023       0x24 ../nios2_sw_bsp/\libhal_bsp.a(altera_nios2_gen2_irq.o)
 .comment       0x0000000000000023       0x24 c:/intelfpga/18.0/nios2eds/bin/gnu/h-x86_64-mingw32/bin/../lib/gcc/nios2-elf/5.3.0/../../../../../H-x86_64-mingw32/nios2-elf/lib/mno-hw-mul\libc.a(lib_a-atexit.o)
 .comment       0x0000000000000023       0x24 c:/intelfpga/18.0/nios2eds/bin/gnu/h-x86_64-mingw32/bin/../lib/gcc/nios2-elf/5.3.0/../../../../../H-x86_64-mingw32/nios2-elf/lib/mno-hw-mul\libc.a(lib_a-exit.o)
 .comment       0x0000000000000023       0x24 c:/intelfpga/18.0/nios2eds/bin/gnu/h-x86_64-mingw32/bin/../lib/gcc/nios2-elf/5.3.0/../../../../../H-x86_64-mingw32/nios2-elf/lib/mno-hw-mul\libc.a(lib_a-impure.o)
 .comment       0x0000000000000023       0x24 c:/intelfpga/18.0/nios2eds/bin/gnu/h-x86_64-mingw32/bin/../lib/gcc/nios2-elf/5.3.0/../../../../../H-x86_64-mingw32/nios2-elf/lib/mno-hw-mul\libc.a(lib_a-int_errno.o)
 .comment       0x0000000000000023       0x24 c:/intelfpga/18.0/nios2eds/bin/gnu/h-x86_64-mingw32/bin/../lib/gcc/nios2-elf/5.3.0/../../../../../H-x86_64-mingw32/nios2-elf/lib/mno-hw-mul\libc.a(lib_a-__atexit.o)
 .comment       0x0000000000000023       0x24 c:/intelfpga/18.0/nios2eds/bin/gnu/h-x86_64-mingw32/bin/../lib/gcc/nios2-elf/5.3.0/../../../../../H-x86_64-mingw32/nios2-elf/lib/mno-hw-mul\libc.a(lib_a-__call_atexit.o)
 .comment       0x0000000000000023       0x24 c:/intelfpga/18.0/nios2eds/bin/gnu/h-x86_64-mingw32/bin/../lib/gcc/nios2-elf/5.3.0/mno-hw-mul\libgcc.a(lib2-mul.o)
 .comment       0x0000000000000023       0x24 ../nios2_sw_bsp/\libhal_bsp.a(alt_exit.o)

.debug
 *(.debug)

.line
 *(.line)

.debug_srcinfo
 *(.debug_srcinfo)

.debug_sfnames
 *(.debug_sfnames)

.debug_aranges  0x0000000000000000      0x3b8
 *(.debug_aranges)
 .debug_aranges
                0x0000000000000000       0x28 ../nios2_sw_bsp//obj/HAL/src/crt0.o
 .debug_aranges
                0x0000000000000028       0x20 obj/default/max10_nios2_interrupt.o
 .debug_aranges
                0x0000000000000048       0x20 ../nios2_sw_bsp/\libhal_bsp.a(alt_iic.o)
 .debug_aranges
                0x0000000000000068       0x20 ../nios2_sw_bsp/\libhal_bsp.a(alt_iic_isr_register.o)
 .debug_aranges
                0x0000000000000088       0x30 ../nios2_sw_bsp/\libhal_bsp.a(alt_irq_entry.o)
 .debug_aranges
                0x00000000000000b8       0x20 ../nios2_sw_bsp/\libhal_bsp.a(alt_irq_handler.o)
 .debug_aranges
                0x00000000000000d8       0x18 ../nios2_sw_bsp/\libhal_bsp.a(alt_irq_vars.o)
 .debug_aranges
                0x00000000000000f0       0x20 ../nios2_sw_bsp/\libhal_bsp.a(alt_load.o)
 .debug_aranges
                0x0000000000000110       0x20 ../nios2_sw_bsp/\libhal_bsp.a(alt_main.o)
 .debug_aranges
                0x0000000000000130       0x20 ../nios2_sw_bsp/\libhal_bsp.a(alt_sys_init.o)
 .debug_aranges
                0x0000000000000150       0x20 ../nios2_sw_bsp/\libhal_bsp.a(alt_close.o)
 .debug_aranges
                0x0000000000000170       0x20 ../nios2_sw_bsp/\libhal_bsp.a(alt_dcache_flush_all.o)
 .debug_aranges
                0x0000000000000190       0x20 ../nios2_sw_bsp/\libhal_bsp.a(alt_dev.o)
 .debug_aranges
                0x00000000000001b0       0x20 ../nios2_sw_bsp/\libhal_bsp.a(alt_do_ctors.o)
 .debug_aranges
                0x00000000000001d0       0x20 ../nios2_sw_bsp/\libhal_bsp.a(alt_do_dtors.o)
 .debug_aranges
                0x00000000000001f0       0x18 ../nios2_sw_bsp/\libhal_bsp.a(alt_errno.o)
 .debug_aranges
                0x0000000000000208       0x38 ../nios2_sw_bsp/\libhal_bsp.a(alt_exception_entry.o)
 .debug_aranges
                0x0000000000000240       0x20 ../nios2_sw_bsp/\libhal_bsp.a(alt_icache_flush_all.o)
 .debug_aranges
                0x0000000000000260       0x28 ../nios2_sw_bsp/\libhal_bsp.a(alt_instruction_exception_entry.o)
 .debug_aranges
                0x0000000000000288       0x20 ../nios2_sw_bsp/\libhal_bsp.a(alt_release_fd.o)
 .debug_aranges
                0x00000000000002a8       0x20 ../nios2_sw_bsp/\libhal_bsp.a(altera_nios2_gen2_irq.o)
 .debug_aranges
                0x00000000000002c8       0x20 c:/intelfpga/18.0/nios2eds/bin/gnu/h-x86_64-mingw32/bin/../lib/gcc/nios2-elf/5.3.0/../../../../../H-x86_64-mingw32/nios2-elf/lib/mno-hw-mul\libc.a(lib_a-atexit.o)
 .debug_aranges
                0x00000000000002e8       0x20 c:/intelfpga/18.0/nios2eds/bin/gnu/h-x86_64-mingw32/bin/../lib/gcc/nios2-elf/5.3.0/../../../../../H-x86_64-mingw32/nios2-elf/lib/mno-hw-mul\libc.a(lib_a-exit.o)
 .debug_aranges
                0x0000000000000308       0x18 c:/intelfpga/18.0/nios2eds/bin/gnu/h-x86_64-mingw32/bin/../lib/gcc/nios2-elf/5.3.0/../../../../../H-x86_64-mingw32/nios2-elf/lib/mno-hw-mul\libc.a(lib_a-impure.o)
 .debug_aranges
                0x0000000000000320       0x18 c:/intelfpga/18.0/nios2eds/bin/gnu/h-x86_64-mingw32/bin/../lib/gcc/nios2-elf/5.3.0/../../../../../H-x86_64-mingw32/nios2-elf/lib/mno-hw-mul\libc.a(lib_a-int_errno.o)
 .debug_aranges
                0x0000000000000338       0x20 c:/intelfpga/18.0/nios2eds/bin/gnu/h-x86_64-mingw32/bin/../lib/gcc/nios2-elf/5.3.0/../../../../../H-x86_64-mingw32/nios2-elf/lib/mno-hw-mul\libc.a(lib_a-__atexit.o)
 .debug_aranges
                0x0000000000000358       0x20 c:/intelfpga/18.0/nios2eds/bin/gnu/h-x86_64-mingw32/bin/../lib/gcc/nios2-elf/5.3.0/../../../../../H-x86_64-mingw32/nios2-elf/lib/mno-hw-mul\libc.a(lib_a-__call_atexit.o)
 .debug_aranges
                0x0000000000000378       0x20 c:/intelfpga/18.0/nios2eds/bin/gnu/h-x86_64-mingw32/bin/../lib/gcc/nios2-elf/5.3.0/mno-hw-mul\libgcc.a(lib2-mul.o)
 .debug_aranges
                0x0000000000000398       0x20 ../nios2_sw_bsp/\libhal_bsp.a(alt_exit.o)

.debug_pubnames
 *(.debug_pubnames)

.debug_info     0x0000000000000000     0x44b9
 *(.debug_info .gnu.linkonce.wi.*)
 .debug_info    0x0000000000000000       0x8b ../nios2_sw_bsp//obj/HAL/src/crt0.o
 .debug_info    0x000000000000008b      0x16c obj/default/max10_nios2_interrupt.o
 .debug_info    0x00000000000001f7      0x350 ../nios2_sw_bsp/\libhal_bsp.a(alt_iic.o)
 .debug_info    0x0000000000000547      0x1ef ../nios2_sw_bsp/\libhal_bsp.a(alt_iic_isr_register.o)
 .debug_info    0x0000000000000736       0x94 ../nios2_sw_bsp/\libhal_bsp.a(alt_irq_entry.o)
 .debug_info    0x00000000000007ca      0x187 ../nios2_sw_bsp/\libhal_bsp.a(alt_irq_handler.o)
 .debug_info    0x0000000000000951       0x88 ../nios2_sw_bsp/\libhal_bsp.a(alt_irq_vars.o)
 .debug_info    0x00000000000009d9      0x145 ../nios2_sw_bsp/\libhal_bsp.a(alt_load.o)
 .debug_info    0x0000000000000b1e      0x131 ../nios2_sw_bsp/\libhal_bsp.a(alt_main.o)
 .debug_info    0x0000000000000c4f       0xd4 ../nios2_sw_bsp/\libhal_bsp.a(alt_sys_init.o)
 .debug_info    0x0000000000000d23      0x321 ../nios2_sw_bsp/\libhal_bsp.a(alt_close.o)
 .debug_info    0x0000000000001044       0x92 ../nios2_sw_bsp/\libhal_bsp.a(alt_dcache_flush_all.o)
 .debug_info    0x00000000000010d6      0x49c ../nios2_sw_bsp/\libhal_bsp.a(alt_dev.o)
 .debug_info    0x0000000000001572       0x83 ../nios2_sw_bsp/\libhal_bsp.a(alt_do_ctors.o)
 .debug_info    0x00000000000015f5       0x83 ../nios2_sw_bsp/\libhal_bsp.a(alt_do_dtors.o)
 .debug_info    0x0000000000001678       0xa6 ../nios2_sw_bsp/\libhal_bsp.a(alt_errno.o)
 .debug_info    0x000000000000171e       0x9a ../nios2_sw_bsp/\libhal_bsp.a(alt_exception_entry.o)
 .debug_info    0x00000000000017b8       0x92 ../nios2_sw_bsp/\libhal_bsp.a(alt_icache_flush_all.o)
 .debug_info    0x000000000000184a      0x1e7 ../nios2_sw_bsp/\libhal_bsp.a(alt_instruction_exception_entry.o)
 .debug_info    0x0000000000001a31      0x2b0 ../nios2_sw_bsp/\libhal_bsp.a(alt_release_fd.o)
 .debug_info    0x0000000000001ce1       0x92 ../nios2_sw_bsp/\libhal_bsp.a(altera_nios2_gen2_irq.o)
 .debug_info    0x0000000000001d73       0xfe c:/intelfpga/18.0/nios2eds/bin/gnu/h-x86_64-mingw32/bin/../lib/gcc/nios2-elf/5.3.0/../../../../../H-x86_64-mingw32/nios2-elf/lib/mno-hw-mul\libc.a(lib_a-atexit.o)
 .debug_info    0x0000000000001e71      0x8e4 c:/intelfpga/18.0/nios2eds/bin/gnu/h-x86_64-mingw32/bin/../lib/gcc/nios2-elf/5.3.0/../../../../../H-x86_64-mingw32/nios2-elf/lib/mno-hw-mul\libc.a(lib_a-exit.o)
 .debug_info    0x0000000000002755      0x8a1 c:/intelfpga/18.0/nios2eds/bin/gnu/h-x86_64-mingw32/bin/../lib/gcc/nios2-elf/5.3.0/../../../../../H-x86_64-mingw32/nios2-elf/lib/mno-hw-mul\libc.a(lib_a-impure.o)
 .debug_info    0x0000000000002ff6       0x8a c:/intelfpga/18.0/nios2eds/bin/gnu/h-x86_64-mingw32/bin/../lib/gcc/nios2-elf/5.3.0/../../../../../H-x86_64-mingw32/nios2-elf/lib/mno-hw-mul\libc.a(lib_a-int_errno.o)
 .debug_info    0x0000000000003080      0x934 c:/intelfpga/18.0/nios2eds/bin/gnu/h-x86_64-mingw32/bin/../lib/gcc/nios2-elf/5.3.0/../../../../../H-x86_64-mingw32/nios2-elf/lib/mno-hw-mul\libc.a(lib_a-__atexit.o)
 .debug_info    0x00000000000039b4      0x965 c:/intelfpga/18.0/nios2eds/bin/gnu/h-x86_64-mingw32/bin/../lib/gcc/nios2-elf/5.3.0/../../../../../H-x86_64-mingw32/nios2-elf/lib/mno-hw-mul\libc.a(lib_a-__call_atexit.o)
 .debug_info    0x0000000000004319       0xb4 c:/intelfpga/18.0/nios2eds/bin/gnu/h-x86_64-mingw32/bin/../lib/gcc/nios2-elf/5.3.0/mno-hw-mul\libgcc.a(lib2-mul.o)
 .debug_info    0x00000000000043cd       0xec ../nios2_sw_bsp/\libhal_bsp.a(alt_exit.o)

.debug_abbrev   0x0000000000000000     0x16c4
 *(.debug_abbrev)
 .debug_abbrev  0x0000000000000000       0x12 ../nios2_sw_bsp//obj/HAL/src/crt0.o
 .debug_abbrev  0x0000000000000012       0xf3 obj/default/max10_nios2_interrupt.o
 .debug_abbrev  0x0000000000000105      0x163 ../nios2_sw_bsp/\libhal_bsp.a(alt_iic.o)
 .debug_abbrev  0x0000000000000268      0x169 ../nios2_sw_bsp/\libhal_bsp.a(alt_iic_isr_register.o)
 .debug_abbrev  0x00000000000003d1       0x12 ../nios2_sw_bsp/\libhal_bsp.a(alt_irq_entry.o)
 .debug_abbrev  0x00000000000003e3      0x122 ../nios2_sw_bsp/\libhal_bsp.a(alt_irq_handler.o)
 .debug_abbrev  0x0000000000000505       0x40 ../nios2_sw_bsp/\libhal_bsp.a(alt_irq_vars.o)
 .debug_abbrev  0x0000000000000545       0x9f ../nios2_sw_bsp/\libhal_bsp.a(alt_load.o)
 .debug_abbrev  0x00000000000005e4       0xba ../nios2_sw_bsp/\libhal_bsp.a(alt_main.o)
 .debug_abbrev  0x000000000000069e       0x97 ../nios2_sw_bsp/\libhal_bsp.a(alt_sys_init.o)
 .debug_abbrev  0x0000000000000735      0x11f ../nios2_sw_bsp/\libhal_bsp.a(alt_close.o)
 .debug_abbrev  0x0000000000000854       0x42 ../nios2_sw_bsp/\libhal_bsp.a(alt_dcache_flush_all.o)
 .debug_abbrev  0x0000000000000896       0xd9 ../nios2_sw_bsp/\libhal_bsp.a(alt_dev.o)
 .debug_abbrev  0x000000000000096f       0x79 ../nios2_sw_bsp/\libhal_bsp.a(alt_do_ctors.o)
 .debug_abbrev  0x00000000000009e8       0x79 ../nios2_sw_bsp/\libhal_bsp.a(alt_do_dtors.o)
 .debug_abbrev  0x0000000000000a61       0x5a ../nios2_sw_bsp/\libhal_bsp.a(alt_errno.o)
 .debug_abbrev  0x0000000000000abb       0x12 ../nios2_sw_bsp/\libhal_bsp.a(alt_exception_entry.o)
 .debug_abbrev  0x0000000000000acd       0x42 ../nios2_sw_bsp/\libhal_bsp.a(alt_icache_flush_all.o)
 .debug_abbrev  0x0000000000000b0f       0xdc ../nios2_sw_bsp/\libhal_bsp.a(alt_instruction_exception_entry.o)
 .debug_abbrev  0x0000000000000beb       0xde ../nios2_sw_bsp/\libhal_bsp.a(alt_release_fd.o)
 .debug_abbrev  0x0000000000000cc9       0x42 ../nios2_sw_bsp/\libhal_bsp.a(altera_nios2_gen2_irq.o)
 .debug_abbrev  0x0000000000000d0b       0xaa c:/intelfpga/18.0/nios2eds/bin/gnu/h-x86_64-mingw32/bin/../lib/gcc/nios2-elf/5.3.0/../../../../../H-x86_64-mingw32/nios2-elf/lib/mno-hw-mul\libc.a(lib_a-atexit.o)
 .debug_abbrev  0x0000000000000db5      0x1e5 c:/intelfpga/18.0/nios2eds/bin/gnu/h-x86_64-mingw32/bin/../lib/gcc/nios2-elf/5.3.0/../../../../../H-x86_64-mingw32/nios2-elf/lib/mno-hw-mul\libc.a(lib_a-exit.o)
 .debug_abbrev  0x0000000000000f9a      0x18f c:/intelfpga/18.0/nios2eds/bin/gnu/h-x86_64-mingw32/bin/../lib/gcc/nios2-elf/5.3.0/../../../../../H-x86_64-mingw32/nios2-elf/lib/mno-hw-mul\libc.a(lib_a-impure.o)
 .debug_abbrev  0x0000000000001129       0x37 c:/intelfpga/18.0/nios2eds/bin/gnu/h-x86_64-mingw32/bin/../lib/gcc/nios2-elf/5.3.0/../../../../../H-x86_64-mingw32/nios2-elf/lib/mno-hw-mul\libc.a(lib_a-int_errno.o)
 .debug_abbrev  0x0000000000001160      0x21e c:/intelfpga/18.0/nios2eds/bin/gnu/h-x86_64-mingw32/bin/../lib/gcc/nios2-elf/5.3.0/../../../../../H-x86_64-mingw32/nios2-elf/lib/mno-hw-mul\libc.a(lib_a-__atexit.o)
 .debug_abbrev  0x000000000000137e      0x22e c:/intelfpga/18.0/nios2eds/bin/gnu/h-x86_64-mingw32/bin/../lib/gcc/nios2-elf/5.3.0/../../../../../H-x86_64-mingw32/nios2-elf/lib/mno-hw-mul\libc.a(lib_a-__call_atexit.o)
 .debug_abbrev  0x00000000000015ac       0x6f c:/intelfpga/18.0/nios2eds/bin/gnu/h-x86_64-mingw32/bin/../lib/gcc/nios2-elf/5.3.0/mno-hw-mul\libgcc.a(lib2-mul.o)
 .debug_abbrev  0x000000000000161b       0xa9 ../nios2_sw_bsp/\libhal_bsp.a(alt_exit.o)

.debug_line     0x0000000000000000     0x1623
 *(.debug_line)
 .debug_line    0x0000000000000000       0x66 ../nios2_sw_bsp//obj/HAL/src/crt0.o
 .debug_line    0x0000000000000066       0xaa obj/default/max10_nios2_interrupt.o
 .debug_line    0x0000000000000110       0xeb ../nios2_sw_bsp/\libhal_bsp.a(alt_iic.o)
 .debug_line    0x00000000000001fb       0xdb ../nios2_sw_bsp/\libhal_bsp.a(alt_iic_isr_register.o)
 .debug_line    0x00000000000002d6       0x6b ../nios2_sw_bsp/\libhal_bsp.a(alt_irq_entry.o)
 .debug_line    0x0000000000000341       0xaa ../nios2_sw_bsp/\libhal_bsp.a(alt_irq_handler.o)
 .debug_line    0x00000000000003eb       0x50 ../nios2_sw_bsp/\libhal_bsp.a(alt_irq_vars.o)
 .debug_line    0x000000000000043b       0x8e ../nios2_sw_bsp/\libhal_bsp.a(alt_load.o)
 .debug_line    0x00000000000004c9       0xa0 ../nios2_sw_bsp/\libhal_bsp.a(alt_main.o)
 .debug_line    0x0000000000000569       0x6b ../nios2_sw_bsp/\libhal_bsp.a(alt_sys_init.o)
 .debug_line    0x00000000000005d4      0x160 ../nios2_sw_bsp/\libhal_bsp.a(alt_close.o)
 .debug_line    0x0000000000000734       0x51 ../nios2_sw_bsp/\libhal_bsp.a(alt_dcache_flush_all.o)
 .debug_line    0x0000000000000785       0xf3 ../nios2_sw_bsp/\libhal_bsp.a(alt_dev.o)
 .debug_line    0x0000000000000878       0x59 ../nios2_sw_bsp/\libhal_bsp.a(alt_do_ctors.o)
 .debug_line    0x00000000000008d1       0x59 ../nios2_sw_bsp/\libhal_bsp.a(alt_do_dtors.o)
 .debug_line    0x000000000000092a       0x51 ../nios2_sw_bsp/\libhal_bsp.a(alt_errno.o)
 .debug_line    0x000000000000097b       0xb3 ../nios2_sw_bsp/\libhal_bsp.a(alt_exception_entry.o)
 .debug_line    0x0000000000000a2e       0x4f ../nios2_sw_bsp/\libhal_bsp.a(alt_icache_flush_all.o)
 .debug_line    0x0000000000000a7d       0xb9 ../nios2_sw_bsp/\libhal_bsp.a(alt_instruction_exception_entry.o)
 .debug_line    0x0000000000000b36       0xb0 ../nios2_sw_bsp/\libhal_bsp.a(alt_release_fd.o)
 .debug_line    0x0000000000000be6       0x51 ../nios2_sw_bsp/\libhal_bsp.a(altera_nios2_gen2_irq.o)
 .debug_line    0x0000000000000c37       0xe7 c:/intelfpga/18.0/nios2eds/bin/gnu/h-x86_64-mingw32/bin/../lib/gcc/nios2-elf/5.3.0/../../../../../H-x86_64-mingw32/nios2-elf/lib/mno-hw-mul\libc.a(lib_a-atexit.o)
 .debug_line    0x0000000000000d1e      0x1fc c:/intelfpga/18.0/nios2eds/bin/gnu/h-x86_64-mingw32/bin/../lib/gcc/nios2-elf/5.3.0/../../../../../H-x86_64-mingw32/nios2-elf/lib/mno-hw-mul\libc.a(lib_a-exit.o)
 .debug_line    0x0000000000000f1a      0x160 c:/intelfpga/18.0/nios2eds/bin/gnu/h-x86_64-mingw32/bin/../lib/gcc/nios2-elf/5.3.0/../../../../../H-x86_64-mingw32/nios2-elf/lib/mno-hw-mul\libc.a(lib_a-impure.o)
 .debug_line    0x000000000000107a       0x5f c:/intelfpga/18.0/nios2eds/bin/gnu/h-x86_64-mingw32/bin/../lib/gcc/nios2-elf/5.3.0/../../../../../H-x86_64-mingw32/nios2-elf/lib/mno-hw-mul\libc.a(lib_a-int_errno.o)
 .debug_line    0x00000000000010d9      0x21f c:/intelfpga/18.0/nios2eds/bin/gnu/h-x86_64-mingw32/bin/../lib/gcc/nios2-elf/5.3.0/../../../../../H-x86_64-mingw32/nios2-elf/lib/mno-hw-mul\libc.a(lib_a-__atexit.o)
 .debug_line    0x00000000000012f8      0x23a c:/intelfpga/18.0/nios2eds/bin/gnu/h-x86_64-mingw32/bin/../lib/gcc/nios2-elf/5.3.0/../../../../../H-x86_64-mingw32/nios2-elf/lib/mno-hw-mul\libc.a(lib_a-__call_atexit.o)
 .debug_line    0x0000000000001532       0x80 c:/intelfpga/18.0/nios2eds/bin/gnu/h-x86_64-mingw32/bin/../lib/gcc/nios2-elf/5.3.0/mno-hw-mul\libgcc.a(lib2-mul.o)
 .debug_line    0x00000000000015b2       0x71 ../nios2_sw_bsp/\libhal_bsp.a(alt_exit.o)

.debug_frame    0x0000000000000000      0x614
 *(.debug_frame)
 .debug_frame   0x0000000000000000       0xc4 obj/default/max10_nios2_interrupt.o
 .debug_frame   0x00000000000000c4       0xa4 ../nios2_sw_bsp/\libhal_bsp.a(alt_iic.o)
 .debug_frame   0x0000000000000168       0x38 ../nios2_sw_bsp/\libhal_bsp.a(alt_iic_isr_register.o)
 .debug_frame   0x00000000000001a0       0x38 ../nios2_sw_bsp/\libhal_bsp.a(alt_irq_handler.o)
 .debug_frame   0x00000000000001d8       0x5c ../nios2_sw_bsp/\libhal_bsp.a(alt_load.o)
 .debug_frame   0x0000000000000234       0x2c ../nios2_sw_bsp/\libhal_bsp.a(alt_main.o)
 .debug_frame   0x0000000000000260       0x5c ../nios2_sw_bsp/\libhal_bsp.a(alt_sys_init.o)
 .debug_frame   0x00000000000002bc       0x60 ../nios2_sw_bsp/\libhal_bsp.a(alt_close.o)
 .debug_frame   0x000000000000031c       0x34 ../nios2_sw_bsp/\libhal_bsp.a(alt_dcache_flush_all.o)
 .debug_frame   0x0000000000000350       0x34 ../nios2_sw_bsp/\libhal_bsp.a(alt_dev.o)
 .debug_frame   0x0000000000000384       0x38 ../nios2_sw_bsp/\libhal_bsp.a(alt_do_ctors.o)
 .debug_frame   0x00000000000003bc       0x38 ../nios2_sw_bsp/\libhal_bsp.a(alt_do_dtors.o)
 .debug_frame   0x00000000000003f4       0x34 ../nios2_sw_bsp/\libhal_bsp.a(alt_icache_flush_all.o)
 .debug_frame   0x0000000000000428       0x5c ../nios2_sw_bsp/\libhal_bsp.a(alt_instruction_exception_entry.o)
 .debug_frame   0x0000000000000484       0x3c ../nios2_sw_bsp/\libhal_bsp.a(alt_release_fd.o)
 .debug_frame   0x00000000000004c0       0x34 ../nios2_sw_bsp/\libhal_bsp.a(altera_nios2_gen2_irq.o)
 .debug_frame   0x00000000000004f4       0x20 c:/intelfpga/18.0/nios2eds/bin/gnu/h-x86_64-mingw32/bin/../lib/gcc/nios2-elf/5.3.0/../../../../../H-x86_64-mingw32/nios2-elf/lib/mno-hw-mul\libc.a(lib_a-atexit.o)
 .debug_frame   0x0000000000000514       0x28 c:/intelfpga/18.0/nios2eds/bin/gnu/h-x86_64-mingw32/bin/../lib/gcc/nios2-elf/5.3.0/../../../../../H-x86_64-mingw32/nios2-elf/lib/mno-hw-mul\libc.a(lib_a-exit.o)
 .debug_frame   0x000000000000053c       0x38 c:/intelfpga/18.0/nios2eds/bin/gnu/h-x86_64-mingw32/bin/../lib/gcc/nios2-elf/5.3.0/../../../../../H-x86_64-mingw32/nios2-elf/lib/mno-hw-mul\libc.a(lib_a-__atexit.o)
 .debug_frame   0x0000000000000574       0x54 c:/intelfpga/18.0/nios2eds/bin/gnu/h-x86_64-mingw32/bin/../lib/gcc/nios2-elf/5.3.0/../../../../../H-x86_64-mingw32/nios2-elf/lib/mno-hw-mul\libc.a(lib_a-__call_atexit.o)
 .debug_frame   0x00000000000005c8       0x20 c:/intelfpga/18.0/nios2eds/bin/gnu/h-x86_64-mingw32/bin/../lib/gcc/nios2-elf/5.3.0/mno-hw-mul\libgcc.a(lib2-mul.o)
 .debug_frame   0x00000000000005e8       0x2c ../nios2_sw_bsp/\libhal_bsp.a(alt_exit.o)

.debug_str      0x0000000000000000     0x1539
 *(.debug_str)
 .debug_str     0x0000000000000000      0x17f obj/default/max10_nios2_interrupt.o
                                        0x1c5 (size before relaxing)
 .debug_str     0x000000000000017f      0x15a ../nios2_sw_bsp/\libhal_bsp.a(alt_iic.o)
                                        0x25b (size before relaxing)
 .debug_str     0x00000000000002d9       0x4c ../nios2_sw_bsp/\libhal_bsp.a(alt_iic_isr_register.o)
                                        0x205 (size before relaxing)
 .debug_str     0x0000000000000325       0x3a ../nios2_sw_bsp/\libhal_bsp.a(alt_irq_handler.o)
                                        0x1b4 (size before relaxing)
 .debug_str     0x000000000000035f       0x17 ../nios2_sw_bsp/\libhal_bsp.a(alt_irq_vars.o)
                                        0x157 (size before relaxing)
 .debug_str     0x0000000000000376       0xe9 ../nios2_sw_bsp/\libhal_bsp.a(alt_load.o)
                                        0x22f (size before relaxing)
 .debug_str     0x000000000000045f       0x70 ../nios2_sw_bsp/\libhal_bsp.a(alt_main.o)
                                        0x1ba (size before relaxing)
 .debug_str     0x00000000000004cf       0x47 ../nios2_sw_bsp/\libhal_bsp.a(alt_sys_init.o)
                                        0x18a (size before relaxing)
 .debug_str     0x0000000000000516       0x90 ../nios2_sw_bsp/\libhal_bsp.a(alt_close.o)
                                        0x228 (size before relaxing)
 .debug_str     0x00000000000005a6       0x34 ../nios2_sw_bsp/\libhal_bsp.a(alt_dcache_flush_all.o)
                                        0x172 (size before relaxing)
 .debug_str     0x00000000000005da      0x120 ../nios2_sw_bsp/\libhal_bsp.a(alt_dev.o)
                                        0x322 (size before relaxing)
 .debug_str     0x00000000000006fa       0x48 ../nios2_sw_bsp/\libhal_bsp.a(alt_do_ctors.o)
                                         0xed (size before relaxing)
 .debug_str     0x0000000000000742       0x4c ../nios2_sw_bsp/\libhal_bsp.a(alt_do_dtors.o)
                                         0xec (size before relaxing)
 .debug_str     0x000000000000078e       0x14 ../nios2_sw_bsp/\libhal_bsp.a(alt_errno.o)
                                        0x162 (size before relaxing)
 .debug_str     0x00000000000007a2       0x34 ../nios2_sw_bsp/\libhal_bsp.a(alt_icache_flush_all.o)
                                        0x172 (size before relaxing)
 .debug_str     0x00000000000007d6      0x48b ../nios2_sw_bsp/\libhal_bsp.a(alt_instruction_exception_entry.o)
                                        0x5bd (size before relaxing)
 .debug_str     0x0000000000000c61       0x28 ../nios2_sw_bsp/\libhal_bsp.a(alt_release_fd.o)
                                        0x1f0 (size before relaxing)
 .debug_str     0x0000000000000c89       0x3b ../nios2_sw_bsp/\libhal_bsp.a(altera_nios2_gen2_irq.o)
                                        0x179 (size before relaxing)
 .debug_str     0x0000000000000cc4      0x17c c:/intelfpga/18.0/nios2eds/bin/gnu/h-x86_64-mingw32/bin/../lib/gcc/nios2-elf/5.3.0/../../../../../H-x86_64-mingw32/nios2-elf/lib/mno-hw-mul\libc.a(lib_a-atexit.o)
                                        0x221 (size before relaxing)
 .debug_str     0x0000000000000e40      0x3ce c:/intelfpga/18.0/nios2eds/bin/gnu/h-x86_64-mingw32/bin/../lib/gcc/nios2-elf/5.3.0/../../../../../H-x86_64-mingw32/nios2-elf/lib/mno-hw-mul\libc.a(lib_a-exit.o)
                                        0x5be (size before relaxing)
 .debug_str     0x000000000000120e       0xd6 c:/intelfpga/18.0/nios2eds/bin/gnu/h-x86_64-mingw32/bin/../lib/gcc/nios2-elf/5.3.0/../../../../../H-x86_64-mingw32/nios2-elf/lib/mno-hw-mul\libc.a(lib_a-impure.o)
                                        0x5b5 (size before relaxing)
 .debug_str     0x00000000000012e4       0x3f c:/intelfpga/18.0/nios2eds/bin/gnu/h-x86_64-mingw32/bin/../lib/gcc/nios2-elf/5.3.0/../../../../../H-x86_64-mingw32/nios2-elf/lib/mno-hw-mul\libc.a(lib_a-int_errno.o)
                                        0x1dd (size before relaxing)
 .debug_str     0x0000000000001323       0x3f c:/intelfpga/18.0/nios2eds/bin/gnu/h-x86_64-mingw32/bin/../lib/gcc/nios2-elf/5.3.0/../../../../../H-x86_64-mingw32/nios2-elf/lib/mno-hw-mul\libc.a(lib_a-__atexit.o)
                                        0x5f6 (size before relaxing)
 .debug_str     0x0000000000001362       0x65 c:/intelfpga/18.0/nios2eds/bin/gnu/h-x86_64-mingw32/bin/../lib/gcc/nios2-elf/5.3.0/../../../../../H-x86_64-mingw32/nios2-elf/lib/mno-hw-mul\libc.a(lib_a-__call_atexit.o)
                                        0x5e2 (size before relaxing)
 .debug_str     0x00000000000013c7      0x148 c:/intelfpga/18.0/nios2eds/bin/gnu/h-x86_64-mingw32/bin/../lib/gcc/nios2-elf/5.3.0/mno-hw-mul\libgcc.a(lib2-mul.o)
                                        0x193 (size before relaxing)
 .debug_str     0x000000000000150f       0x2a ../nios2_sw_bsp/\libhal_bsp.a(alt_exit.o)
                                        0x16e (size before relaxing)

.debug_loc      0x0000000000000000      0x430
 *(.debug_loc)
 .debug_loc     0x0000000000000000       0x2c c:/intelfpga/18.0/nios2eds/bin/gnu/h-x86_64-mingw32/bin/../lib/gcc/nios2-elf/5.3.0/../../../../../H-x86_64-mingw32/nios2-elf/lib/mno-hw-mul\libc.a(lib_a-atexit.o)
 .debug_loc     0x000000000000002c       0x1e c:/intelfpga/18.0/nios2eds/bin/gnu/h-x86_64-mingw32/bin/../lib/gcc/nios2-elf/5.3.0/../../../../../H-x86_64-mingw32/nios2-elf/lib/mno-hw-mul\libc.a(lib_a-exit.o)
 .debug_loc     0x000000000000004a      0x185 c:/intelfpga/18.0/nios2eds/bin/gnu/h-x86_64-mingw32/bin/../lib/gcc/nios2-elf/5.3.0/../../../../../H-x86_64-mingw32/nios2-elf/lib/mno-hw-mul\libc.a(lib_a-__atexit.o)
 .debug_loc     0x00000000000001cf      0x1ce c:/intelfpga/18.0/nios2eds/bin/gnu/h-x86_64-mingw32/bin/../lib/gcc/nios2-elf/5.3.0/../../../../../H-x86_64-mingw32/nios2-elf/lib/mno-hw-mul\libc.a(lib_a-__call_atexit.o)
 .debug_loc     0x000000000000039d       0x93 c:/intelfpga/18.0/nios2eds/bin/gnu/h-x86_64-mingw32/bin/../lib/gcc/nios2-elf/5.3.0/mno-hw-mul\libgcc.a(lib2-mul.o)

.debug_macinfo
 *(.debug_macinfo)

.debug_weaknames
 *(.debug_weaknames)

.debug_funcnames
 *(.debug_funcnames)

.debug_typenames
 *(.debug_typenames)

.debug_varnames
 *(.debug_varnames)

.debug_alt_sim_info
                0x0000000000000000       0x10
 *(.debug_alt_sim_info)
 .debug_alt_sim_info
                0x0000000000000000       0x10 ../nios2_sw_bsp//obj/HAL/src/crt0.o
                0x0000000000039000                __alt_data_end = 0x39000
                0x0000000000039000                PROVIDE (__alt_stack_pointer, __alt_data_end)
                [!provide]                        PROVIDE (__alt_stack_limit, __alt_stack_base)
                [!provide]                        PROVIDE (__alt_heap_start, end)
                [!provide]                        PROVIDE (__alt_heap_limit, 0x39000)
OUTPUT(nios2_sw.elf elf32-littlenios2)

.debug_ranges   0x0000000000000000      0x100
 .debug_ranges  0x0000000000000000       0x20 ../nios2_sw_bsp//obj/HAL/src/crt0.o
 .debug_ranges  0x0000000000000020       0x28 ../nios2_sw_bsp/\libhal_bsp.a(alt_irq_entry.o)
 .debug_ranges  0x0000000000000048       0x10 ../nios2_sw_bsp/\libhal_bsp.a(alt_irq_handler.o)
 .debug_ranges  0x0000000000000058       0x30 ../nios2_sw_bsp/\libhal_bsp.a(alt_exception_entry.o)
 .debug_ranges  0x0000000000000088       0x18 ../nios2_sw_bsp/\libhal_bsp.a(alt_instruction_exception_entry.o)
 .debug_ranges  0x00000000000000a0       0x10 c:/intelfpga/18.0/nios2eds/bin/gnu/h-x86_64-mingw32/bin/../lib/gcc/nios2-elf/5.3.0/../../../../../H-x86_64-mingw32/nios2-elf/lib/mno-hw-mul\libc.a(lib_a-atexit.o)
 .debug_ranges  0x00000000000000b0       0x10 c:/intelfpga/18.0/nios2eds/bin/gnu/h-x86_64-mingw32/bin/../lib/gcc/nios2-elf/5.3.0/../../../../../H-x86_64-mingw32/nios2-elf/lib/mno-hw-mul\libc.a(lib_a-exit.o)
 .debug_ranges  0x00000000000000c0       0x10 c:/intelfpga/18.0/nios2eds/bin/gnu/h-x86_64-mingw32/bin/../lib/gcc/nios2-elf/5.3.0/../../../../../H-x86_64-mingw32/nios2-elf/lib/mno-hw-mul\libc.a(lib_a-__atexit.o)
 .debug_ranges  0x00000000000000d0       0x30 c:/intelfpga/18.0/nios2eds/bin/gnu/h-x86_64-mingw32/bin/../lib/gcc/nios2-elf/5.3.0/../../../../../H-x86_64-mingw32/nios2-elf/lib/mno-hw-mul\libc.a(lib_a-__call_atexit.o)
